../../Drivers/STM32N6xx_HAL_Driver/Inc/stm32n6xx_ll_bus.h:1407:22:LL_AHB4_GRP1_EnableClock	24	static
../Core/Src/main.c:85:5:main	8	static
../Core/Src/main.c:156:13:MX_I2C1_Init	8	static
../Core/Src/main.c:204:13:MX_USART2_UART_Init	8	static
../Core/Src/main.c:252:13:MX_GPIO_Init	32	static
../Core/Src/main.c:289:5:__io_putchar	24	static
../Core/Src/main.c:296:13:NS_LED_InitAndOn	32	static
../Core/Src/main.c:312:13:check_sensors_whoami	32	static
../Core/Src/main.c:373:6:Error_Handler	4	static,ignoring_inline_asm
