../Core/Src/stts751_reg.c:48:16:stts751_read_reg	40	static
../Core/Src/stts751_reg.c:74:16:stts751_write_reg	40	static
../Core/Src/stts751_reg.c:103:9:stts751_from_lsb_to_celsius	16	static
../Core/Src/stts751_reg.c:125:9:stts751_from_celsius_to_lsb	16	static
../Core/Src/stts751_reg.c:151:9:stts751_temp_data_rate_set	32	static
../Core/Src/stts751_reg.c:198:9:stts751_temp_data_rate_get	32	static
../Core/Src/stts751_reg.c:277:9:stts751_resolution_set	24	static
../Core/Src/stts751_reg.c:301:9:stts751_resolution_get	24	static
../Core/Src/stts751_reg.c:343:9:stts751_status_reg_get	24	static
../Core/Src/stts751_reg.c:361:9:stts751_flag_busy_get	24	static
../Core/Src/stts751_reg.c:395:9:stts751_temperature_raw_get	24	static
../Core/Src/stts751_reg.c:432:9:stts751_pin_event_route_set	24	static
../Core/Src/stts751_reg.c:456:9:stts751_pin_event_route_get	24	static
../Core/Src/stts751_reg.c:490:9:stts751_high_temperature_threshold_set	24	static
../Core/Src/stts751_reg.c:512:9:stts751_high_temperature_threshold_get	24	static
../Core/Src/stts751_reg.c:536:9:stts751_low_temperature_threshold_set	24	static
../Core/Src/stts751_reg.c:558:9:stts751_low_temperature_threshold_get	24	static
../Core/Src/stts751_reg.c:595:9:stts751_ota_thermal_limit_set	24	static
../Core/Src/stts751_reg.c:612:9:stts751_ota_thermal_limit_get	24	static
../Core/Src/stts751_reg.c:630:9:stts751_ota_thermal_hyst_set	24	static
../Core/Src/stts751_reg.c:649:9:stts751_ota_thermal_hyst_get	24	static
../Core/Src/stts751_reg.c:679:9:stts751_smbus_timeout_set	24	static
../Core/Src/stts751_reg.c:704:9:stts751_smbus_timeout_get	24	static
../Core/Src/stts751_reg.c:725:9:stts751_device_id_get	24	static
