Archive member included to satisfy reference by file (symbol)

/opt/st/stm32cubeide_2.0.0/plugins/com.st.stm32cube.ide.mcu.externaltools.gnu-tools-for-stm32.14.3.rel1.linux64_1.0.100.202602081740/tools/bin/../lib/gcc/arm-none-eabi/14.3.1/../../../../arm-none-eabi/lib/thumb/v8-m.main+dp/hard/libc_nano.a(libc_a-exit.o)
                              /opt/st/stm32cubeide_2.0.0/plugins/com.st.stm32cube.ide.mcu.externaltools.gnu-tools-for-stm32.14.3.rel1.linux64_1.0.100.202602081740/tools/bin/../lib/gcc/arm-none-eabi/14.3.1/../../../../arm-none-eabi/lib/thumb/v8-m.main+dp/hard/crt0.o (exit)
/opt/st/stm32cubeide_2.0.0/plugins/com.st.stm32cube.ide.mcu.externaltools.gnu-tools-for-stm32.14.3.rel1.linux64_1.0.100.202602081740/tools/bin/../lib/gcc/arm-none-eabi/14.3.1/../../../../arm-none-eabi/lib/thumb/v8-m.main+dp/hard/libc_nano.a(libc_a-nano-vfprintf_float.o)
                              (_printf_float)
/opt/st/stm32cubeide_2.0.0/plugins/com.st.stm32cube.ide.mcu.externaltools.gnu-tools-for-stm32.14.3.rel1.linux64_1.0.100.202602081740/tools/bin/../lib/gcc/arm-none-eabi/14.3.1/../../../../arm-none-eabi/lib/thumb/v8-m.main+dp/hard/libc_nano.a(libc_a-nano-vfprintf_i.o)
                              /opt/st/stm32cubeide_2.0.0/plugins/com.st.stm32cube.ide.mcu.externaltools.gnu-tools-for-stm32.14.3.rel1.linux64_1.0.100.202602081740/tools/bin/../lib/gcc/arm-none-eabi/14.3.1/../../../../arm-none-eabi/lib/thumb/v8-m.main+dp/hard/libc_nano.a(libc_a-nano-vfprintf_float.o) (_printf_common)
/opt/st/stm32cubeide_2.0.0/plugins/com.st.stm32cube.ide.mcu.externaltools.gnu-tools-for-stm32.14.3.rel1.linux64_1.0.100.202602081740/tools/bin/../lib/gcc/arm-none-eabi/14.3.1/../../../../arm-none-eabi/lib/thumb/v8-m.main+dp/hard/libc_nano.a(libc_a-findfp.o)
                              /opt/st/stm32cubeide_2.0.0/plugins/com.st.stm32cube.ide.mcu.externaltools.gnu-tools-for-stm32.14.3.rel1.linux64_1.0.100.202602081740/tools/bin/../lib/gcc/arm-none-eabi/14.3.1/../../../../arm-none-eabi/lib/thumb/v8-m.main+dp/hard/libc_nano.a(libc_a-exit.o) (__stdio_exit_handler)
/opt/st/stm32cubeide_2.0.0/plugins/com.st.stm32cube.ide.mcu.externaltools.gnu-tools-for-stm32.14.3.rel1.linux64_1.0.100.202602081740/tools/bin/../lib/gcc/arm-none-eabi/14.3.1/../../../../arm-none-eabi/lib/thumb/v8-m.main+dp/hard/libc_nano.a(libc_a-fwalk.o)
                              /opt/st/stm32cubeide_2.0.0/plugins/com.st.stm32cube.ide.mcu.externaltools.gnu-tools-for-stm32.14.3.rel1.linux64_1.0.100.202602081740/tools/bin/../lib/gcc/arm-none-eabi/14.3.1/../../../../arm-none-eabi/lib/thumb/v8-m.main+dp/hard/libc_nano.a(libc_a-findfp.o) (_fwalk_sglue)
/opt/st/stm32cubeide_2.0.0/plugins/com.st.stm32cube.ide.mcu.externaltools.gnu-tools-for-stm32.14.3.rel1.linux64_1.0.100.202602081740/tools/bin/../lib/gcc/arm-none-eabi/14.3.1/../../../../arm-none-eabi/lib/thumb/v8-m.main+dp/hard/libc_nano.a(libc_a-printf.o)
                              ./Core/Src/hts221_read_data_polling.o (printf)
/opt/st/stm32cubeide_2.0.0/plugins/com.st.stm32cube.ide.mcu.externaltools.gnu-tools-for-stm32.14.3.rel1.linux64_1.0.100.202602081740/tools/bin/../lib/gcc/arm-none-eabi/14.3.1/../../../../arm-none-eabi/lib/thumb/v8-m.main+dp/hard/libc_nano.a(libc_a-puts.o)
                              ./Core/Src/hts221_read_data_polling.o (puts)
/opt/st/stm32cubeide_2.0.0/plugins/com.st.stm32cube.ide.mcu.externaltools.gnu-tools-for-stm32.14.3.rel1.linux64_1.0.100.202602081740/tools/bin/../lib/gcc/arm-none-eabi/14.3.1/../../../../arm-none-eabi/lib/thumb/v8-m.main+dp/hard/libc_nano.a(libc_a-stdio.o)
                              /opt/st/stm32cubeide_2.0.0/plugins/com.st.stm32cube.ide.mcu.externaltools.gnu-tools-for-stm32.14.3.rel1.linux64_1.0.100.202602081740/tools/bin/../lib/gcc/arm-none-eabi/14.3.1/../../../../arm-none-eabi/lib/thumb/v8-m.main+dp/hard/libc_nano.a(libc_a-findfp.o) (__sread)
/opt/st/stm32cubeide_2.0.0/plugins/com.st.stm32cube.ide.mcu.externaltools.gnu-tools-for-stm32.14.3.rel1.linux64_1.0.100.202602081740/tools/bin/../lib/gcc/arm-none-eabi/14.3.1/../../../../arm-none-eabi/lib/thumb/v8-m.main+dp/hard/libc_nano.a(libc_a-wbuf.o)
                              /opt/st/stm32cubeide_2.0.0/plugins/com.st.stm32cube.ide.mcu.externaltools.gnu-tools-for-stm32.14.3.rel1.linux64_1.0.100.202602081740/tools/bin/../lib/gcc/arm-none-eabi/14.3.1/../../../../arm-none-eabi/lib/thumb/v8-m.main+dp/hard/libc_nano.a(libc_a-puts.o) (__swbuf_r)
/opt/st/stm32cubeide_2.0.0/plugins/com.st.stm32cube.ide.mcu.externaltools.gnu-tools-for-stm32.14.3.rel1.linux64_1.0.100.202602081740/tools/bin/../lib/gcc/arm-none-eabi/14.3.1/../../../../arm-none-eabi/lib/thumb/v8-m.main+dp/hard/libc_nano.a(libc_a-wsetup.o)
                              /opt/st/stm32cubeide_2.0.0/plugins/com.st.stm32cube.ide.mcu.externaltools.gnu-tools-for-stm32.14.3.rel1.linux64_1.0.100.202602081740/tools/bin/../lib/gcc/arm-none-eabi/14.3.1/../../../../arm-none-eabi/lib/thumb/v8-m.main+dp/hard/libc_nano.a(libc_a-puts.o) (__swsetup_r)
[...]
Memory Configuration

Name             Origin             Length             Attributes
ROM              0x24100400         0x0007fc00         xrw
RAM              0x24180000         0x00080000         xrw
*default*        0x00000000         0xffffffff

Linker script and memory map

LOAD /opt/st/stm32cubeide_2.0.0/plugins/com.st.stm32cube.ide.mcu.externaltools.gnu-tools-for-stm32.14.3.rel1.linux64_1.0.100.202602081740/tools/bin/../lib/gcc/arm-none-eabi/14.3.1/thumb/v8-m.main+dp/hard/crti.o
LOAD /opt/st/stm32cubeide_2.0.0/plugins/com.st.stm32cube.ide.mcu.externaltools.gnu-tools-for-stm32.14.3.rel1.linux64_1.0.100.202602081740/tools/bin/../lib/gcc/arm-none-eabi/14.3.1/thumb/v8-m.main+dp/hard/crtbegin.o
LOAD /opt/st/stm32cubeide_2.0.0/plugins/com.st.stm32cube.ide.mcu.externaltools.gnu-tools-for-stm32.14.3.rel1.linux64_1.0.100.202602081740/tools/bin/../lib/gcc/arm-none-eabi/14.3.1/../../../../arm-none-eabi/lib/thumb/v8-m.main+dp/hard/crt0.o
LOAD ./Core/Src/hts221_read_data_polling.o
LOAD ./Core/Src/hts221_reg.o
LOAD ./Core/Src/lis2dw12_read_data_polling.o
LOAD ./Core/Src/lis2dw12_reg.o
LOAD ./Core/Src/lis2mdl_read_data_polling.o
LOAD ./Core/Src/lis2mdl_reg.o
LOAD ./Core/Src/lps22hh_read_data_polling.o
LOAD ./Core/Src/lps22hh_reg.o
LOAD ./Core/Src/lsm6dso_read_data_polling.o
LOAD ./Core/Src/lsm6dso_reg.o
LOAD ./Core/Src/main.o
LOAD ./Core/Src/stm32n6xx_hal_msp.o
LOAD ./Core/Src/stm32n6xx_it.o
LOAD ./Core/Src/stts751_read_data_polling.o
LOAD ./Core/Src/stts751_reg.o
LOAD ./Core/Src/syscalls.o
LOAD ./Core/Src/sysmem.o
LOAD ./Core/Src/system_stm32n6xx_ns.o
LOAD ./Core/Startup/startup_stm32n657x0hxq.o
LOAD ./Drivers/STM32N6xx_HAL_Driver/stm32n6xx_hal.o
LOAD ./Drivers/STM32N6xx_HAL_Driver/stm32n6xx_hal_cortex.o
LOAD ./Drivers/STM32N6xx_HAL_Driver/stm32n6xx_hal_dma.o
LOAD ./Drivers/STM32N6xx_HAL_Driver/stm32n6xx_hal_dma_ex.o
LOAD ./Drivers/STM32N6xx_HAL_Driver/stm32n6xx_hal_exti.o
LOAD ./Drivers/STM32N6xx_HAL_Driver/stm32n6xx_hal_gpio.o
LOAD ./Drivers/STM32N6xx_HAL_Driver/stm32n6xx_hal_i2c.o
LOAD ./Drivers/STM32N6xx_HAL_Driver/stm32n6xx_hal_i2c_ex.o
LOAD ./Drivers/STM32N6xx_HAL_Driver/stm32n6xx_hal_pwr.o
LOAD ./Drivers/STM32N6xx_HAL_Driver/stm32n6xx_hal_pwr_ex.o
LOAD ./Drivers/STM32N6xx_HAL_Driver/stm32n6xx_hal_rcc.o
LOAD ./Drivers/STM32N6xx_HAL_Driver/stm32n6xx_hal_rcc_ex.o
LOAD ./Drivers/STM32N6xx_HAL_Driver/stm32n6xx_hal_tim.o
LOAD ./Drivers/STM32N6xx_HAL_Driver/stm32n6xx_hal_tim_ex.o
LOAD ./Drivers/STM32N6xx_HAL_Driver/stm32n6xx_hal_uart.o
LOAD ./Drivers/STM32N6xx_HAL_Driver/stm32n6xx_hal_uart_ex.o
LOAD /home/benjaminavocat-maulaz/Documents/Programs_STM32/N657/UART/AppliSecure/Debug/secure_nsclib.o
START GROUP
LOAD /opt/st/stm32cubeide_2.0.0/plugins/com.st.stm32cube.ide.mcu.externaltools.gnu-tools-for-stm32.14.3.rel1.linux64_1.0.100.202602081740/tools/bin/../lib/gcc/arm-none-eabi/14.3.1/../../../../arm-none-eabi/lib/thumb/v8-m.main+dp/hard/libc_nano.a
LOAD /opt/st/stm32cubeide_2.0.0/plugins/com.st.stm32cube.ide.mcu.externaltools.gnu-tools-for-stm32.14.3.rel1.linux64_1.0.100.202602081740/tools/bin/../lib/gcc/arm-none-eabi/14.3.1/../../../../arm-none-eabi/lib/thumb/v8-m.main+dp/hard/libm.a
END GROUP
START GROUP
LOAD /opt/st/stm32cubeide_2.0.0/plugins/com.st.stm32cube.ide.mcu.externaltools.gnu-tools-for-stm32.14.3.rel1.linux64_1.0.100.202602081740/tools/bin/../lib/gcc/arm-none-eabi/14.3.1/thumb/v8-m.main+dp/hard/libgcc.a
LOAD /opt/st/stm32cubeide_2.0.0/plugins/com.st.stm32cube.ide.mcu.externaltools.gnu-tools-for-stm32.14.3.rel1.linux64_1.0.100.202602081740/tools/bin/../lib/gcc/arm-none-eabi/14.3.1/../../../../arm-none-eabi/lib/thumb/v8-m.main+dp/hard/libc_nano.a
END GROUP
START GROUP
LOAD /opt/st/stm32cubeide_2.0.0/plugins/com.st.stm32cube.ide.mcu.externaltools.gnu-tools-for-stm32.14.3.rel1.linux64_1.0.100.202602081740/tools/bin/../lib/gcc/arm-none-eabi/14.3.1/thumb/v8-m.main+dp/hard/libgcc.a
LOAD /opt/st/stm32cubeide_2.0.0/plugins/com.st.stm32cube.ide.mcu.externaltools.gnu-tools-for-stm32.14.3.rel1.linux64_1.0.100.202602081740/tools/bin/../lib/gcc/arm-none-eabi/14.3.1/../../../../arm-none-eabi/lib/thumb/v8-m.main+dp/hard/libc_nano.a
LOAD /opt/st/stm32cubeide_2.0.0/plugins/com.st.stm32cube.ide.mcu.externaltools.gnu-tools-for-stm32.14.3.rel1.linux64_1.0.100.202602081740/tools/bin/../lib/gcc/arm-none-eabi/14.3.1/../../../../arm-none-eabi/lib/thumb/v8-m.main+dp/hard/libnosys.a
END GROUP
START GROUP
LOAD /opt/st/stm32cubeide_2.0.0/plugins/com.st.stm32cube.ide.mcu.externaltools.gnu-tools-for-stm32.14.3.rel1.linux64_1.0.100.202602081740/tools/bin/../lib/gcc/arm-none-eabi/14.3.1/thumb/v8-m.main+dp/hard/libgcc.a
LOAD /opt/st/stm32cubeide_2.0.0/plugins/com.st.stm32cube.ide.mcu.externaltools.gnu-tools-for-stm32.14.3.rel1.linux64_1.0.100.202602081740/tools/bin/../lib/gcc/arm-none-eabi/14.3.1/../../../../arm-none-eabi/lib/thumb/v8-m.main+dp/hard/libc_nano.a
LOAD /opt/st/stm32cubeide_2.0.0/plugins/com.st.stm32cube.ide.mcu.externaltools.gnu-tools-for-stm32.14.3.rel1.linux64_1.0.100.202602081740/tools/bin/../lib/gcc/arm-none-eabi/14.3.1/../../../../arm-none-eabi/lib/thumb/v8-m.main+dp/hard/libnosys.a
END GROUP
LOAD /opt/st/stm32cubeide_2.0.0/plugins/com.st.stm32cube.ide.mcu.externaltools.gnu-tools-for-stm32.14.3.rel1.linux64_1.0.100.202602081740/tools/bin/../lib/gcc/arm-none-eabi/14.3.1/thumb/v8-m.main+dp/hard/crtend.o
LOAD /opt/st/stm32cubeide_2.0.0/plugins/com.st.stm32cube.ide.mcu.externaltools.gnu-tools-for-stm32.14.3.rel1.linux64_1.0.100.202602081740/tools/bin/../lib/gcc/arm-none-eabi/14.3.1/thumb/v8-m.main+dp/hard/crtn.o
                0x24200000                        _estack = (ORIGIN (RAM) + LENGTH (RAM))
                0x241ff800                        _sstack = (_estack - _Min_Stack_Size)
                0x00000200                        _Min_Heap_Size = 0x200
                0x00000800                        _Min_Stack_Size = 0x800

.isr_vector     0x24100400      0x34c
                0x24100400                        . = ALIGN (0x4)
 *(.isr_vector)
 .isr_vector    0x24100400      0x34c ./Core/Startup/startup_stm32n657x0hxq.o
                0x24100400                g_pfnVectors
                0x2410074c                        . = ALIGN (0x4)

.text           0x24100750    0x10630
                0x24100750                        . = ALIGN (0x4)
 *(.text)
 .text          0x24100750       0x40 /opt/st/stm32cubeide_2.0.0/plugins/com.st.stm32cube.ide.mcu.externaltools.gnu-tools-for-stm32.14.3.rel1.linux64_1.0.100.202602081740/tools/bin/../lib/gcc/arm-none-eabi/14.3.1/thumb/v8-m.main+dp/hard/crtbegin.o
 .text          0x24100790       0x10 /opt/st/stm32cubeide_2.0.0/plugins/com.st.stm32cube.ide.mcu.externaltools.gnu-tools-for-stm32.14.3.rel1.linux64_1.0.100.202602081740/tools/bin/../lib/gcc/arm-none-eabi/14.3.1/../../../../arm-none-eabi/lib/thumb/v8-m.main+dp/hard/libc_nano.a(libc_a-strlen.o)
                0x24100790                strlen
 .text          0x241007a0       0x30 /opt/st/stm32cubeide_2.0.0/plugins/com.st.stm32cube.ide.mcu.externaltools.gnu-tools-for-stm32.14.3.rel1.linux64_1.0.100.202602081740/tools/bin/../lib/gcc/arm-none-eabi/14.3.1/thumb/v8-m.main+dp/hard/libgcc.a(_aeabi_uldivmod.o)
                0x241007a0                __aeabi_uldivmod
 .text          0x241007d0      0x34c /opt/st/stm32cubeide_2.0.0/plugins/com.st.stm32cube.ide.mcu.externaltools.gnu-tools-for-stm32.14.3.rel1.linux64_1.0.100.202602081740/tools/bin/../lib/gcc/arm-none-eabi/14.3.1/thumb/v8-m.main+dp/hard/libgcc.a(_udivmoddi4.o)
                0x241007d0                __udivmoddi4
 .text          0x24100b1c        0x4 /opt/st/stm32cubeide_2.0.0/plugins/com.st.stm32cube.ide.mcu.externaltools.gnu-tools-for-stm32.14.3.rel1.linux64_1.0.100.202602081740/tools/bin/../lib/gcc/arm-none-eabi/14.3.1/thumb/v8-m.main+dp/hard/libgcc.a(_dvmd_tls.o)
                0x24100b1c                __aeabi_ldiv0
                0x24100b1c                __aeabi_idiv0
 *(.text*)
 .text.hts221_read_data_polling
                0x24100b20      0x3c8 ./Core/Src/hts221_read_data_polling.o
                0x24100b20                hts221_read_data_polling
 .text.platform_write
                0x24100ee8       0x74 ./Core/Src/hts221_read_data_polling.o
 .text.platform_read
                0x24100f5c       0x6a ./Core/Src/hts221_read_data_polling.o
 .text.platform_delay
                0x24100fc6       0x14 ./Core/Src/hts221_read_data_polling.o
 .text.platform_init
                0x24100fda        0xe ./Core/Src/hts221_read_data_polling.o
 .text.hts221_read_reg
                0x24100fe8       0x3c ./Core/Src/hts221_reg.o
                0x24100fe8                hts221_read_reg
 .text.hts221_write_reg
                0x24101024       0x3c ./Core/Src/hts221_reg.o
                0x24101024                hts221_write_reg
 .text.hts221_data_rate_set
                0x24101060       0x4c ./Core/Src/hts221_reg.o
                0x24101060                hts221_data_rate_set
 .text.hts221_block_data_update_set
                0x241010ac       0x4c ./Core/Src/hts221_reg.o
                0x241010ac                hts221_block_data_update_set
 .text.hts221_humidity_raw_get
                0x241010f8       0x4a ./Core/Src/hts221_reg.o
                0x241010f8                hts221_humidity_raw_get
 .text.hts221_temperature_raw_get
                0x24101142       0x4a ./Core/Src/hts221_reg.o
                0x24101142                hts221_temperature_raw_get
 .text.hts221_device_id_get
                0x2410118c       0x22 ./Core/Src/hts221_reg.o
                0x2410118c                hts221_device_id_get
 .text.hts221_power_on_set
                0x241011ae       0x4c ./Core/Src/hts221_reg.o
                0x241011ae                hts221_power_on_set
 .text.hts221_status_get
                0x241011fa       0x22 ./Core/Src/hts221_reg.o
                0x241011fa                hts221_status_get
 .text.lis2dw12_read_data_polling
                0x2410121c      0x1f4 ./Core/Src/lis2dw12_read_data_polling.o
                0x2410121c                lis2dw12_read_data_polling
 .text.platform_write
                0x24101410       0x3a ./Core/Src/lis2dw12_read_data_polling.o
 .text.platform_read
                0x2410144a       0x3a ./Core/Src/lis2dw12_read_data_polling.o
 .text.platform_delay
                0x24101484       0x16 ./Core/Src/lis2dw12_read_data_polling.o
 .text.platform_init
                0x2410149a        0xe ./Core/Src/lis2dw12_read_data_polling.o
 .text.lis2dw12_read_reg
                0x241014a8       0x3c ./Core/Src/lis2dw12_reg.o
                0x241014a8                lis2dw12_read_reg
 .text.lis2dw12_write_reg
                0x241014e4       0x3c ./Core/Src/lis2dw12_reg.o
                0x241014e4                lis2dw12_write_reg
 .text.lis2dw12_power_mode_set
                0x24101520       0x9c ./Core/Src/lis2dw12_reg.o
                0x24101520                lis2dw12_power_mode_set
 .text.lis2dw12_data_rate_set
                0x241015bc       0x8a ./Core/Src/lis2dw12_reg.o
                0x241015bc                lis2dw12_data_rate_set
 .text.lis2dw12_block_data_update_set
                0x24101646       0x4c ./Core/Src/lis2dw12_reg.o
                0x24101646                lis2dw12_block_data_update_set
 .text.lis2dw12_full_scale_set
                0x24101692       0x4c ./Core/Src/lis2dw12_reg.o
                0x24101692                lis2dw12_full_scale_set
 .text.lis2dw12_flag_data_ready_get
                0x241016de       0x3c ./Core/Src/lis2dw12_reg.o
                0x241016de                lis2dw12_flag_data_ready_get
 .text.lis2dw12_acceleration_raw_get
                0x2410171a       0x9a ./Core/Src/lis2dw12_reg.o
                0x2410171a                lis2dw12_acceleration_raw_get
 .text.lis2dw12_device_id_get
                0x241017b4       0x22 ./Core/Src/lis2dw12_reg.o
                0x241017b4                lis2dw12_device_id_get
 .text.lis2dw12_reset_set
                0x241017d6       0x4c ./Core/Src/lis2dw12_reg.o
                0x241017d6                lis2dw12_reset_set
 .text.lis2dw12_reset_get
                0x24101822       0x3c ./Core/Src/lis2dw12_reg.o
                0x24101822                lis2dw12_reset_get
 .text.lis2dw12_filter_path_set
                0x2410185e       0x8a ./Core/Src/lis2dw12_reg.o
                0x2410185e                lis2dw12_filter_path_set
 .text.lis2dw12_filter_bandwidth_set
                0x241018e8       0x4c ./Core/Src/lis2dw12_reg.o
                0x241018e8                lis2dw12_filter_bandwidth_set
 .text.lis2mdl_read_data_simple
                0x24101934      0x1dc ./Core/Src/lis2mdl_read_data_polling.o
                0x24101934                lis2mdl_read_data_simple
 .text.platform_write
                0x24101b10       0x3a ./Core/Src/lis2mdl_read_data_polling.o
 .text.platform_read
                0x24101b4a       0x3a ./Core/Src/lis2mdl_read_data_polling.o
 .text.platform_delay
                0x24101b84       0x16 ./Core/Src/lis2mdl_read_data_polling.o
 .text.platform_init
                0x24101b9a        0xe ./Core/Src/lis2mdl_read_data_polling.o
 .text.lis2mdl_read_reg
                0x24101ba8       0x3c ./Core/Src/lis2mdl_reg.o
                0x24101ba8                lis2mdl_read_reg
 .text.lis2mdl_write_reg
                0x24101be4       0x3c ./Core/Src/lis2mdl_reg.o
                0x24101be4                lis2mdl_write_reg
 .text.lis2mdl_operating_mode_set
                0x24101c20       0x4c ./Core/Src/lis2mdl_reg.o
                0x24101c20                lis2mdl_operating_mode_set
 .text.lis2mdl_data_rate_set
                0x24101c6c       0x4c ./Core/Src/lis2mdl_reg.o
                0x24101c6c                lis2mdl_data_rate_set
 .text.lis2mdl_offset_temp_comp_set
                0x24101cb8       0x4c ./Core/Src/lis2mdl_reg.o
                0x24101cb8                lis2mdl_offset_temp_comp_set
 .text.lis2mdl_set_rst_mode_set
                0x24101d04       0x4c ./Core/Src/lis2mdl_reg.o
                0x24101d04                lis2mdl_set_rst_mode_set
 .text.lis2mdl_block_data_update_set
                0x24101d50       0x4c ./Core/Src/lis2mdl_reg.o
                0x24101d50                lis2mdl_block_data_update_set
 .text.lis2mdl_mag_data_ready_get
                0x24101d9c       0x3c ./Core/Src/lis2mdl_reg.o
                0x24101d9c                lis2mdl_mag_data_ready_get
 .text.lis2mdl_magnetic_raw_get
                0x24101dd8       0x9a ./Core/Src/lis2mdl_reg.o
                0x24101dd8                lis2mdl_magnetic_raw_get
 .text.lis2mdl_temperature_raw_get
                0x24101e72       0x4e ./Core/Src/lis2mdl_reg.o
                0x24101e72                lis2mdl_temperature_raw_get
 .text.lis2mdl_device_id_get
                0x24101ec0       0x22 ./Core/Src/lis2mdl_reg.o
                0x24101ec0                lis2mdl_device_id_get
 .text.lis2mdl_reset_set
                0x24101ee2       0x4c ./Core/Src/lis2mdl_reg.o
                0x24101ee2                lis2mdl_reset_set
 .text.lis2mdl_reset_get
                0x24101f2e       0x3c ./Core/Src/lis2mdl_reg.o
                0x24101f2e                lis2mdl_reset_get
 *fill*         0x24101f6a        0x2 
 .text.lps22hh_read_data_polling
                0x24101f6c      0x208 ./Core/Src/lps22hh_read_data_polling.o
                0x24101f6c                lps22hh_read_data_polling
 .text.platform_write
                0x24102174       0x3a ./Core/Src/lps22hh_read_data_polling.o
 .text.platform_read
                0x241021ae       0x3a ./Core/Src/lps22hh_read_data_polling.o
 .text.platform_delay
                0x241021e8       0x16 ./Core/Src/lps22hh_read_data_polling.o
 .text.platform_init
                0x241021fe        0xe ./Core/Src/lps22hh_read_data_polling.o
 .text.lps22hh_read_reg
                0x2410220c       0x3c ./Core/Src/lps22hh_reg.o
                0x2410220c                lps22hh_read_reg
 .text.lps22hh_write_reg
                0x24102248       0x3c ./Core/Src/lps22hh_reg.o
                0x24102248                lps22hh_write_reg
 .text.lps22hh_block_data_update_set
                0x24102284       0x4c ./Core/Src/lps22hh_reg.o
                0x24102284                lps22hh_block_data_update_set
 .text.lps22hh_data_rate_set
                0x241022d0       0x9c ./Core/Src/lps22hh_reg.o
                0x241022d0                lps22hh_data_rate_set
 .text.lps22hh_pressure_raw_get
                0x2410236c       0x5c ./Core/Src/lps22hh_reg.o
                0x2410236c                lps22hh_pressure_raw_get
 .text.lps22hh_temperature_raw_get
                0x241023c8       0x4e ./Core/Src/lps22hh_reg.o
                0x241023c8                lps22hh_temperature_raw_get
 .text.lps22hh_device_id_get
                0x24102416       0x22 ./Core/Src/lps22hh_reg.o
                0x24102416                lps22hh_device_id_get
 .text.lps22hh_reset_set
                0x24102438       0x4c ./Core/Src/lps22hh_reg.o
                0x24102438                lps22hh_reset_set
 .text.lps22hh_reset_get
                0x24102484       0x3c ./Core/Src/lps22hh_reg.o
                0x24102484                lps22hh_reset_get
 .text.lsm6dso_read_data_polling
                0x241024c0      0x3bc ./Core/Src/lsm6dso_read_data_polling.o
                0x241024c0                lsm6dso_read_data_polling
 .text.platform_write
                0x2410287c       0x3a ./Core/Src/lsm6dso_read_data_polling.o
 .text.platform_read
                0x241028b6       0x3a ./Core/Src/lsm6dso_read_data_polling.o
 .text.platform_delay
                0x241028f0       0x16 ./Core/Src/lsm6dso_read_data_polling.o
 .text.platform_init
                0x24102906        0xe ./Core/Src/lsm6dso_read_data_polling.o
 .text.lsm6dso_read_reg
                0x24102914       0x3c ./Core/Src/lsm6dso_reg.o
                0x24102914                lsm6dso_read_reg
 .text.lsm6dso_write_reg
                0x24102950       0x3c ./Core/Src/lsm6dso_reg.o
                0x24102950                lsm6dso_write_reg
 .text.lsm6dso_xl_full_scale_set
                0x2410298c       0x4c ./Core/Src/lsm6dso_reg.o
                0x2410298c                lsm6dso_xl_full_scale_set
 .text.lsm6dso_xl_data_rate_set
                0x241029d8      0x1f4 ./Core/Src/lsm6dso_reg.o
                0x241029d8                lsm6dso_xl_data_rate_set
 .text.lsm6dso_gy_full_scale_set
                0x24102bcc       0x4c ./Core/Src/lsm6dso_reg.o
                0x24102bcc                lsm6dso_gy_full_scale_set
 .text.lsm6dso_gy_data_rate_set
                0x24102c18      0x1f4 ./Core/Src/lsm6dso_reg.o
                0x24102c18                lsm6dso_gy_data_rate_set
 .text.lsm6dso_block_data_update_set
                0x24102e0c       0x4c ./Core/Src/lsm6dso_reg.o
                0x24102e0c                lsm6dso_block_data_update_set
 .text.lsm6dso_xl_flag_data_ready_get
                0x24102e58       0x32 ./Core/Src/lsm6dso_reg.o
                0x24102e58                lsm6dso_xl_flag_data_ready_get
 .text.lsm6dso_gy_flag_data_ready_get
                0x24102e8a       0x32 ./Core/Src/lsm6dso_reg.o
                0x24102e8a                lsm6dso_gy_flag_data_ready_get
 .text.lsm6dso_temp_flag_data_ready_get
                0x24102ebc       0x32 ./Core/Src/lsm6dso_reg.o
                0x24102ebc                lsm6dso_temp_flag_data_ready_get
 .text.lsm6dso_temperature_raw_get
                0x24102eee       0x44 ./Core/Src/lsm6dso_reg.o
                0x24102eee                lsm6dso_temperature_raw_get
 .text.lsm6dso_angular_rate_raw_get
                0x24102f32       0x90 ./Core/Src/lsm6dso_reg.o
                0x24102f32                lsm6dso_angular_rate_raw_get
 .text.lsm6dso_acceleration_raw_get
                0x24102fc2       0x90 ./Core/Src/lsm6dso_reg.o
                0x24102fc2                lsm6dso_acceleration_raw_get
 .text.lsm6dso_mem_bank_set
                0x24103052       0x3a ./Core/Src/lsm6dso_reg.o
                0x24103052                lsm6dso_mem_bank_set
 .text.lsm6dso_device_id_get
                0x2410308c       0x22 ./Core/Src/lsm6dso_reg.o
                0x2410308c                lsm6dso_device_id_get
 .text.lsm6dso_reset_set
                0x241030ae       0x4c ./Core/Src/lsm6dso_reg.o
                0x241030ae                lsm6dso_reset_set
 .text.lsm6dso_reset_get
                0x241030fa       0x32 ./Core/Src/lsm6dso_reg.o
                0x241030fa                lsm6dso_reset_get
 .text.lsm6dso_xl_filter_lp2_set
                0x2410312c       0x4c ./Core/Src/lsm6dso_reg.o
                0x2410312c                lsm6dso_xl_filter_lp2_set
 .text.lsm6dso_xl_hp_path_on_out_set
                0x24103178       0x70 ./Core/Src/lsm6dso_reg.o
                0x24103178                lsm6dso_xl_hp_path_on_out_set
 .text.lsm6dso_i3c_disable_set
                0x241031e8       0x90 ./Core/Src/lsm6dso_reg.o
                0x241031e8                lsm6dso_i3c_disable_set
 .text.lsm6dso_fsm_enable_get
                0x24103278       0x42 ./Core/Src/lsm6dso_reg.o
                0x24103278                lsm6dso_fsm_enable_get
 *fill*         0x241032ba        0x2 
 .text.lsm6dso_fsm_data_rate_get
                0x241032bc       0xb0 ./Core/Src/lsm6dso_reg.o
                0x241032bc                lsm6dso_fsm_data_rate_get
 .text.LL_AHB4_GRP1_EnableClock
                0x2410336c       0x2c ./Core/Src/main.o
 .text.main     0x24103398       0xb4 ./Core/Src/main.o
                0x24103398                main
 .text.MX_I2C1_Init
                0x2410344c       0x80 ./Core/Src/main.o
 .text.MX_USART2_UART_Init
                0x241034cc       0x98 ./Core/Src/main.o
 .text.MX_GPIO_Init
                0x24103564       0x74 ./Core/Src/main.o
 .text.__io_putchar
                0x241035d8       0x2c ./Core/Src/main.o
                0x241035d8                __io_putchar
 .text.NS_LED_InitAndOn
                0x24103604       0x50 ./Core/Src/main.o
 .text.check_sensors_whoami
                0x24103654      0x180 ./Core/Src/main.o
 .text.Error_Handler
                0x241037d4        0xc ./Core/Src/main.o
                0x241037d4                Error_Handler
 .text.LL_AHB4_GRP1_EnableClock
                0x241037e0       0x2c ./Core/Src/stm32n6xx_hal_msp.o
 .text.LL_APB1_GRP1_EnableClock
                0x2410380c       0x2c ./Core/Src/stm32n6xx_hal_msp.o
 .text.LL_APB1_GRP1_DisableClock
                0x24103838       0x28 ./Core/Src/stm32n6xx_hal_msp.o
 .text.LL_APB2_GRP1_EnableClock
                0x24103860       0x2c ./Core/Src/stm32n6xx_hal_msp.o
 .text.HAL_MspInit
                0x2410388c       0x18 ./Core/Src/stm32n6xx_hal_msp.o
                0x2410388c                HAL_MspInit
 .text.HAL_I2C_MspInit
                0x241038a4      0x104 ./Core/Src/stm32n6xx_hal_msp.o
                0x241038a4                HAL_I2C_MspInit
 .text.HAL_I2C_MspDeInit
                0x241039a8       0x40 ./Core/Src/stm32n6xx_hal_msp.o
                0x241039a8                HAL_I2C_MspDeInit
 .text.HAL_UART_MspInit
                0x241039e8       0xcc ./Core/Src/stm32n6xx_hal_msp.o
                0x241039e8                HAL_UART_MspInit
 .text.MemManage_Handler
                0x24103ab4        0x8 ./Core/Src/stm32n6xx_it.o
                0x24103ab4                MemManage_Handler
 .text.UsageFault_Handler
                0x24103abc        0x8 ./Core/Src/stm32n6xx_it.o
                0x24103abc                UsageFault_Handler
 .text.SecureFault_Handler
                0x24103ac4        0x8 ./Core/Src/stm32n6xx_it.o
                0x24103ac4                SecureFault_Handler
 .text.SVC_Handler
                0x24103acc        0xe ./Core/Src/stm32n6xx_it.o
                0x24103acc                SVC_Handler
 .text.PendSV_Handler
                0x24103ada        0xe ./Core/Src/stm32n6xx_it.o
                0x24103ada                PendSV_Handler
 .text.SysTick_Handler
                0x24103ae8        0xc ./Core/Src/stm32n6xx_it.o
                0x24103ae8                SysTick_Handler
 .text.stts751_read_data_polling
                0x24103af4      0x114 ./Core/Src/stts751_read_data_polling.o
                0x24103af4                stts751_read_data_polling
 .text.platform_write
                0x24103c08       0x3a ./Core/Src/stts751_read_data_polling.o
 .text.platform_read
                0x24103c42       0x3a ./Core/Src/stts751_read_data_polling.o
 .text.platform_delay
                0x24103c7c       0x16 ./Core/Src/stts751_read_data_polling.o
 .text.platform_init
                0x24103c92        0xe ./Core/Src/stts751_read_data_polling.o
 .text.stts751_read_reg
                0x24103ca0       0x3c ./Core/Src/stts751_reg.o
                0x24103ca0                stts751_read_reg
 .text.stts751_write_reg
                0x24103cdc       0x3c ./Core/Src/stts751_reg.o
                0x24103cdc                stts751_write_reg
 .text.stts751_temp_data_rate_set
                0x24103d18       0xac ./Core/Src/stts751_reg.o
                0x24103d18                stts751_temp_data_rate_set
 .text.stts751_resolution_set
                0x24103dc4       0x4c ./Core/Src/stts751_reg.o
                0x24103dc4                stts751_resolution_set
 .text.stts751_flag_busy_get
                0x24103e10       0x3c ./Core/Src/stts751_reg.o
                0x24103e10                stts751_flag_busy_get
 .text.stts751_temperature_raw_get
                0x24103e4c       0x66 ./Core/Src/stts751_reg.o
                0x24103e4c                stts751_temperature_raw_get
 .text.stts751_device_id_get
                0x24103eb2       0x4e ./Core/Src/stts751_reg.o
                0x24103eb2                stts751_device_id_get
 .text._getpid  0x24103f00       0x10 ./Core/Src/syscalls.o
                0x24103f00                _getpid
 .text._kill    0x24103f10       0x20 ./Core/Src/syscalls.o
                0x24103f10                _kill
 .text._exit    0x24103f30       0x16 ./Core/Src/syscalls.o
                0x24103f30                _exit
 .text._read    0x24103f46       0x3a ./Core/Src/syscalls.o
                0x24103f46                _read
 .text._write   0x24103f80       0x38 ./Core/Src/syscalls.o
                0x24103f80                _write
 .text._close   0x24103fb8       0x18 ./Core/Src/syscalls.o
                0x24103fb8                _close
 .text._fstat   0x24103fd0       0x20 ./Core/Src/syscalls.o
                0x24103fd0                _fstat
 .text._isatty  0x24103ff0       0x16 ./Core/Src/syscalls.o
                0x24103ff0                _isatty
 .text._lseek   0x24104006       0x1a ./Core/Src/syscalls.o
                0x24104006                _lseek
 .text._sbrk    0x24104020       0x6c ./Core/Src/sysmem.o
                0x24104020                _sbrk
 .text.SystemInit
                0x2410408c       0x1c ./Core/Src/system_stm32n6xx_ns.o
                0x2410408c                SystemInit
 .text.SystemCoreClockUpdate
                0x241040a8       0x18 ./Core/Src/system_stm32n6xx_ns.o
                0x241040a8                SystemCoreClockUpdate
 .text.Reset_Handler
                0x241040c0       0x5c ./Core/Startup/startup_stm32n657x0hxq.o
                0x241040c0                Reset_Handler
 .text.Default_Handler
                0x2410411c        0x2 ./Core/Startup/startup_stm32n657x0hxq.o
                0x2410411c                HPDMA1_Channel13_IRQHandler
                0x2410411c                EXTI2_IRQHandler
                0x2410411c                MCE2_IRQHandler
                0x2410411c                TIM8_CC_IRQHandler
                0x2410411c                USB2_OTG_HS_IRQHandler
                0x2410411c                SAI1_A_IRQHandler
                0x2410411c                EXTI5_IRQHandler
                0x2410411c                I3C1_ER_IRQHandler
                0x2410411c                DebugMon_Handler
                0x2410411c                UART8_IRQHandler
                0x2410411c                CTI_INT0_IRQHandler
                0x2410411c                SPI4_IRQHandler
                0x2410411c                LTDC_LO_IRQHandler
                0x2410411c                NPU2_IRQHandler
                0x2410411c                FDCAN3_IT0_IRQHandler
                0x2410411c                EXTI13_IRQHandler
                0x2410411c                TIM1_CC_IRQHandler
                0x2410411c                XSPI1_IRQHandler
                0x2410411c                HardFault_Handler
                0x2410411c                TIM10_IRQHandler
                0x2410411c                JPEG_IRQHandler
                0x2410411c                TAMP_IRQHandler
                0x2410411c                CACHE_ECC_IRQHandler
                0x2410411c                TIM6_IRQHandler
                0x2410411c                CSI_IRQHandler
                0x2410411c                EXTI12_IRQHandler
                0x2410411c                GFXTIM_IRQHandler
                0x2410411c                NMI_Handler
                0x2410411c                EXTI3_IRQHandler
                0x2410411c                LPTIM4_IRQHandler
                0x2410411c                GPDMA1_Channel5_IRQHandler
                0x2410411c                EXTI8_IRQHandler
                0x2410411c                LPTIM2_IRQHandler
                0x2410411c                GFXMMU_IRQHandler
                0x2410411c                LTDC_LO_ERR_IRQHandler
                0x2410411c                I2C3_ER_IRQHandler
                0x2410411c                RIFSC_TAMPER_IRQHandler
                0x2410411c                USART10_IRQHandler
                0x2410411c                MDF1_FLT2_IRQHandler
                0x2410411c                LPTIM3_IRQHandler
                0x2410411c                SAI2_A_IRQHandler
                0x2410411c                EXTI0_IRQHandler
                0x2410411c                HPDMA1_Channel9_IRQHandler
                0x2410411c                I2C2_EV_IRQHandler
                0x2410411c                GPU2D_IRQHandler
                0x2410411c                FPU_IRQHandler
                0x2410411c                GPDMA1_Channel3_IRQHandler
                0x2410411c                GPDMA1_Channel7_IRQHandler
                0x2410411c                MDF1_FLT4_IRQHandler
                0x2410411c                FDCAN1_IT1_IRQHandler
                0x2410411c                HPDMA1_Channel3_IRQHandler
                0x2410411c                ADC1_2_IRQHandler
                0x2410411c                GPDMA1_Channel9_IRQHandler
                0x2410411c                SPI1_IRQHandler
                0x2410411c                CACHEAXI_IRQHandler
                0x2410411c                SAI1_B_IRQHandler
                0x2410411c                GPDMA1_Channel2_IRQHandler
                0x2410411c                PAHB_ERR_IRQHandler
                0x2410411c                TIM8_UP_IRQHandler
                0x2410411c                RCC_S_IRQHandler
                0x2410411c                MDF1_FLT1_IRQHandler
                0x2410411c                LTDC_UP_IRQHandler
                0x2410411c                LOCKUP_IRQHandler
                0x2410411c                PKA_IRQHandler
                0x2410411c                USART6_IRQHandler
                0x2410411c                HPDMA1_Channel2_IRQHandler
                0x2410411c                MDF1_FLT5_IRQHandler
                0x2410411c                MCE4_IRQHandler
                0x2410411c                I3C2_ER_IRQHandler
                0x2410411c                EXTI15_IRQHandler
                0x2410411c                TIM17_IRQHandler
                0x2410411c                USART3_IRQHandler
                0x2410411c                HPDMA1_Channel6_IRQHandler
                0x2410411c                CRYP_IRQHandler
                0x2410411c                RTC_IRQHandler
                0x2410411c                XSPI2_IRQHandler
                0x2410411c                EXTI9_IRQHandler
                0x2410411c                IAC_IRQHandler
                0x2410411c                HPDMA1_Channel0_IRQHandler
                0x2410411c                LPTIM5_IRQHandler
                0x2410411c                HPDMA1_Channel1_IRQHandler
                0x2410411c                UART5_IRQHandler
                0x2410411c                TIM4_IRQHandler
                0x2410411c                NPU3_IRQHandler
                0x2410411c                I3C2_EV_IRQHandler
                0x2410411c                I2C1_EV_IRQHandler
                0x2410411c                FDCAN_CU_IRQHandler
                0x2410411c                GPDMA1_Channel12_IRQHandler
                0x2410411c                HPDMA1_Channel7_IRQHandler
                0x2410411c                GPDMA1_Channel1_IRQHandler
                0x2410411c                TIM16_IRQHandler
                0x2410411c                GPDMA1_Channel15_IRQHandler
                0x2410411c                UART4_IRQHandler
                0x2410411c                TCM_ECC_IRQHandler
                0x2410411c                TIM3_IRQHandler
                0x2410411c                RCC_IRQHandler
                0x2410411c                UART9_IRQHandler
                0x2410411c                NPU1_IRQHandler
                0x2410411c                SAI2_B_IRQHandler
                0x2410411c                Default_Handler
                0x2410411c                GPDMA1_Channel8_IRQHandler
                0x2410411c                HPDMA1_Channel8_IRQHandler
                0x2410411c                TIM18_IRQHandler
                0x2410411c                TIM14_IRQHandler
                0x2410411c                TIM13_IRQHandler
                0x2410411c                CTI_INT1_IRQHandler
                0x2410411c                GPDMA1_Channel11_IRQHandler
                0x2410411c                GPU2D_ER_IRQHandler
                0x2410411c                SPI5_IRQHandler
                0x2410411c                TIM12_IRQHandler
                0x2410411c                TIM7_IRQHandler
                0x2410411c                FDCAN3_IT1_IRQHandler
                0x2410411c                HPDMA1_Channel10_IRQHandler
                0x2410411c                SDMMC1_IRQHandler
                0x2410411c                SAES_IRQHandler
                0x2410411c                TIM5_IRQHandler
                0x2410411c                UCPD1_IRQHandler
                0x2410411c                GPDMA1_Channel0_IRQHandler
                0x2410411c                I3C1_EV_IRQHandler
                0x2410411c                HPDMA1_Channel5_IRQHandler
                0x2410411c                TIM15_IRQHandler
                0x2410411c                I2C3_EV_IRQHandler
                0x2410411c                HPDMA1_Channel4_IRQHandler
                0x2410411c                HPDMA1_Channel15_IRQHandler
                0x2410411c                TIM9_IRQHandler
                0x2410411c                ETH1_IRQHandler
                0x2410411c                USB1_OTG_HS_IRQHandler
                0x2410411c                PVD_PVM_IRQHandler
                0x2410411c                SPI2_IRQHandler
                0x2410411c                TIM1_TRG_CCU_IRQHandler
                0x2410411c                HPDMA1_Channel11_IRQHandler
                0x2410411c                EXTI14_IRQHandler
                0x2410411c                EXTI11_IRQHandler
                0x2410411c                VENC_IRQHandler
                0x2410411c                GPDMA1_Channel14_IRQHandler
                0x2410411c                EXTI4_IRQHandler
                0x2410411c                RTC_S_IRQHandler
                0x2410411c                GPDMA1_Channel13_IRQHandler
                0x2410411c                RNG_IRQHandler
                0x2410411c                XSPI3_IRQHandler
                0x2410411c                FDCAN2_IT1_IRQHandler
                0x2410411c                TIM1_UP_IRQHandler
                0x2410411c                NPU0_IRQHandler
                0x2410411c                BCK_ECC_IRQHandler
                0x2410411c                WWDG_IRQHandler
                0x2410411c                SPI6_IRQHandler
                0x2410411c                MDIOS_IRQHandler
                0x2410411c                I2C4_EV_IRQHandler
                0x2410411c                FDCAN2_IT0_IRQHandler
                0x2410411c                IWDG_IRQHandler
                0x2410411c                HPDMA1_Channel14_IRQHandler
                0x2410411c                LPUART1_IRQHandler
                0x2410411c                FDCAN1_IT0_IRQHandler
                0x2410411c                MDF1_FLT0_IRQHandler
                0x2410411c                TIM2_IRQHandler
                0x2410411c                MCE3_IRQHandler
                0x2410411c                GPDMA1_Channel4_IRQHandler
                0x2410411c                EXTI7_IRQHandler
                0x2410411c                DMA2D_IRQHandler
                0x2410411c                TIM1_BRK_IRQHandler
                0x2410411c                EXTI1_IRQHandler
                0x2410411c                SDMMC2_IRQHandler
                0x2410411c                TIM11_IRQHandler
                0x2410411c                LTDC_UP_ERR_IRQHandler
                0x2410411c                UART7_IRQHandler
                0x2410411c                DTS_IRQHandler
                0x2410411c                MDF1_FLT3_IRQHandler
                0x2410411c                USART2_IRQHandler
                0x2410411c                GPDMA1_Channel6_IRQHandler
                0x2410411c                ADF1_FLT0_IRQHandler
                0x2410411c                I2C2_ER_IRQHandler
                0x2410411c                MCE1_IRQHandler
                0x2410411c                SPDIFRX_IRQHandler
                0x2410411c                TIM8_BRK_IRQHandler
                0x2410411c                HPDMA1_Channel12_IRQHandler
                0x2410411c                BusFault_Handler
                0x2410411c                USART1_IRQHandler
                0x2410411c                EXTI10_IRQHandler
                0x2410411c                SPI3_IRQHandler
                0x2410411c                WAKEUP_PIN_IRQHandler
                0x2410411c                DCMIPP_IRQHandler
                0x2410411c                I2C1_ER_IRQHandler
                0x2410411c                FMC_IRQHandler
                0x2410411c                EXTI6_IRQHandler
                0x2410411c                LPTIM1_IRQHandler
                0x2410411c                DCMI_PSSI_IRQHandler
                0x2410411c                TIM8_TRG_CCU_IRQHandler
                0x2410411c                I2C4_ER_IRQHandler
                0x2410411c                GPDMA1_Channel10_IRQHandler
                0x2410411c                ICACHE_IRQHandler
                0x2410411c                HASH_IRQHandler
 .text.HAL_Init
                0x2410411e       0x28 ./Drivers/STM32N6xx_HAL_Driver/stm32n6xx_hal.o
                0x2410411e                HAL_Init
 *fill*         0x24104146        0x2 
 .text.HAL_InitTick
                0x24104148       0x6c ./Drivers/STM32N6xx_HAL_Driver/stm32n6xx_hal.o
                0x24104148                HAL_InitTick
 .text.HAL_IncTick
                0x241041b4       0x28 ./Drivers/STM32N6xx_HAL_Driver/stm32n6xx_hal.o
                0x241041b4                HAL_IncTick
 .text.HAL_GetTick
                0x241041dc       0x18 ./Drivers/STM32N6xx_HAL_Driver/stm32n6xx_hal.o
                0x241041dc                HAL_GetTick
 .text.HAL_Delay
                0x241041f4       0x48 ./Drivers/STM32N6xx_HAL_Driver/stm32n6xx_hal.o
                0x241041f4                HAL_Delay
 .text.__NVIC_SetPriorityGrouping
                0x2410423c       0x48 ./Drivers/STM32N6xx_HAL_Driver/stm32n6xx_hal_cortex.o
 .text.__NVIC_GetPriorityGrouping
                0x24104284       0x1c ./Drivers/STM32N6xx_HAL_Driver/stm32n6xx_hal_cortex.o
 .text.__NVIC_SetPriority
                0x241042a0       0x54 ./Drivers/STM32N6xx_HAL_Driver/stm32n6xx_hal_cortex.o
 .text.NVIC_EncodePriority
                0x241042f4       0x66 ./Drivers/STM32N6xx_HAL_Driver/stm32n6xx_hal_cortex.o
 *fill*         0x2410435a        0x2 
 .text.SysTick_Config
                0x2410435c       0x44 ./Drivers/STM32N6xx_HAL_Driver/stm32n6xx_hal_cortex.o
 .text.HAL_NVIC_SetPriorityGrouping
                0x241043a0       0x16 ./Drivers/STM32N6xx_HAL_Driver/stm32n6xx_hal_cortex.o
                0x241043a0                HAL_NVIC_SetPriorityGrouping
 .text.HAL_NVIC_SetPriority
                0x241043b6       0x3a ./Drivers/STM32N6xx_HAL_Driver/stm32n6xx_hal_cortex.o
                0x241043b6                HAL_NVIC_SetPriority
 .text.HAL_SYSTICK_Config
                0x241043f0       0x18 ./Drivers/STM32N6xx_HAL_Driver/stm32n6xx_hal_cortex.o
                0x241043f0                HAL_SYSTICK_Config
 .text.HAL_GPIO_Init
                0x24104408      0x364 ./Drivers/STM32N6xx_HAL_Driver/stm32n6xx_hal_gpio.o
                0x24104408                HAL_GPIO_Init
 .text.HAL_GPIO_DeInit
                0x2410476c      0x280 ./Drivers/STM32N6xx_HAL_Driver/stm32n6xx_hal_gpio.o
                0x2410476c                HAL_GPIO_DeInit
 .text.HAL_GPIO_WritePin
                0x241049ec       0x30 ./Drivers/STM32N6xx_HAL_Driver/stm32n6xx_hal_gpio.o
                0x241049ec                HAL_GPIO_WritePin
 .text.HAL_I2C_Init
                0x24104a1c      0x136 ./Drivers/STM32N6xx_HAL_Driver/stm32n6xx_hal_i2c.o
                0x24104a1c                HAL_I2C_Init
 .text.HAL_I2C_DeInit
                0x24104b52       0x5e ./Drivers/STM32N6xx_HAL_Driver/stm32n6xx_hal_i2c.o
                0x24104b52                HAL_I2C_DeInit
 .text.HAL_I2C_Mem_Write
                0x24104bb0      0x228 ./Drivers/STM32N6xx_HAL_Driver/stm32n6xx_hal_i2c.o
                0x24104bb0                HAL_I2C_Mem_Write
 .text.HAL_I2C_Mem_Read
                0x24104dd8      0x234 ./Drivers/STM32N6xx_HAL_Driver/stm32n6xx_hal_i2c.o
                0x24104dd8                HAL_I2C_Mem_Read
 .text.I2C_RequestMemoryWrite
                0x2410500c       0xa8 ./Drivers/STM32N6xx_HAL_Driver/stm32n6xx_hal_i2c.o
 .text.I2C_RequestMemoryRead
                0x241050b4       0xa8 ./Drivers/STM32N6xx_HAL_Driver/stm32n6xx_hal_i2c.o
 .text.I2C_Flush_TXDR
                0x2410515c       0x48 ./Drivers/STM32N6xx_HAL_Driver/stm32n6xx_hal_i2c.o
 .text.I2C_WaitOnFlagUntilTimeout
                0x241051a4       0xb2 ./Drivers/STM32N6xx_HAL_Driver/stm32n6xx_hal_i2c.o
 .text.I2C_WaitOnTXISFlagUntilTimeout
                0x24105256       0x8e ./Drivers/STM32N6xx_HAL_Driver/stm32n6xx_hal_i2c.o
 .text.I2C_WaitOnSTOPFlagUntilTimeout
                0x241052e4       0x86 ./Drivers/STM32N6xx_HAL_Driver/stm32n6xx_hal_i2c.o
 *fill*         0x2410536a        0x2 
 .text.I2C_IsErrorOccurred
                0x2410536c      0x1c0 ./Drivers/STM32N6xx_HAL_Driver/stm32n6xx_hal_i2c.o
 .text.I2C_TransferConfig
                0x2410552c       0x64 ./Drivers/STM32N6xx_HAL_Driver/stm32n6xx_hal_i2c.o
 .text.HAL_I2CEx_ConfigAnalogFilter
                0x24105590       0x96 ./Drivers/STM32N6xx_HAL_Driver/stm32n6xx_hal_i2c_ex.o
                0x24105590                HAL_I2CEx_ConfigAnalogFilter
 .text.HAL_I2CEx_ConfigDigitalFilter
                0x24105626       0x98 ./Drivers/STM32N6xx_HAL_Driver/stm32n6xx_hal_i2c_ex.o
                0x24105626                HAL_I2CEx_ConfigDigitalFilter
 *fill*         0x241056be        0x2 
 .text.HAL_PWREx_EnableVddIO2
                0x241056c0       0x20 ./Drivers/STM32N6xx_HAL_Driver/stm32n6xx_hal_pwr_ex.o
                0x241056c0                HAL_PWREx_EnableVddIO2
 .text.HAL_PWREx_EnableVddIO3
                0x241056e0       0x20 ./Drivers/STM32N6xx_HAL_Driver/stm32n6xx_hal_pwr_ex.o
                0x241056e0                HAL_PWREx_EnableVddIO3
 .text.HAL_PWREx_EnableVddIO4
                0x24105700       0x20 ./Drivers/STM32N6xx_HAL_Driver/stm32n6xx_hal_pwr_ex.o
                0x24105700                HAL_PWREx_EnableVddIO4
 .text.HAL_PWREx_EnableVddIO5
                0x24105720       0x20 ./Drivers/STM32N6xx_HAL_Driver/stm32n6xx_hal_pwr_ex.o
                0x24105720                HAL_PWREx_EnableVddIO5
 .text.LL_RCC_HSI_GetDivider
                0x24105740       0x1c ./Drivers/STM32N6xx_HAL_Driver/stm32n6xx_hal_rcc.o
 .text.LL_RCC_GetSysClkSource
                0x2410575c       0x1c ./Drivers/STM32N6xx_HAL_Driver/stm32n6xx_hal_rcc.o
 .text.LL_RCC_IC2_GetSource
                0x24105778       0x1c ./Drivers/STM32N6xx_HAL_Driver/stm32n6xx_hal_rcc.o
 .text.LL_RCC_IC2_GetDivider
                0x24105794       0x20 ./Drivers/STM32N6xx_HAL_Driver/stm32n6xx_hal_rcc.o
 .text.HAL_RCC_GetSysClockFreq
                0x241057b4       0x1e ./Drivers/STM32N6xx_HAL_Driver/stm32n6xx_hal_rcc.o
                0x241057b4                HAL_RCC_GetSysClockFreq
 *fill*         0x241057d2        0x2 
 .text.RCC_GetSysClockFreq
                0x241057d4      0x104 ./Drivers/STM32N6xx_HAL_Driver/stm32n6xx_hal_rcc.o
 .text.LL_RCC_HSE_SelectHSEAsDiv2Clock
                0x241058d8       0x20 ./Drivers/STM32N6xx_HAL_Driver/stm32n6xx_hal_rcc_ex.o
 .text.LL_RCC_HSE_SelectHSEDiv2AsDiv2Clock
                0x241058f8       0x20 ./Drivers/STM32N6xx_HAL_Driver/stm32n6xx_hal_rcc_ex.o
 .text.LL_RCC_HSE_IsSelectedHSEDiv2AsDiv2Clock
                0x24105918       0x24 ./Drivers/STM32N6xx_HAL_Driver/stm32n6xx_hal_rcc_ex.o
 .text.LL_RCC_HSE_IsReady
                0x2410593c       0x24 ./Drivers/STM32N6xx_HAL_Driver/stm32n6xx_hal_rcc_ex.o
 .text.LL_RCC_HSI_IsReady
                0x24105960       0x24 ./Drivers/STM32N6xx_HAL_Driver/stm32n6xx_hal_rcc_ex.o
 .text.LL_RCC_HSI_GetDivider
                0x24105984       0x1c ./Drivers/STM32N6xx_HAL_Driver/stm32n6xx_hal_rcc_ex.o
 .text.LL_RCC_MSI_IsReady
                0x241059a0       0x24 ./Drivers/STM32N6xx_HAL_Driver/stm32n6xx_hal_rcc_ex.o
 .text.LL_RCC_MSI_GetFrequency
                0x241059c4       0x1c ./Drivers/STM32N6xx_HAL_Driver/stm32n6xx_hal_rcc_ex.o
 .text.LL_RCC_LSE_IsReady
                0x241059e0       0x24 ./Drivers/STM32N6xx_HAL_Driver/stm32n6xx_hal_rcc_ex.o
 .text.LL_RCC_LSI_IsReady
                0x24105a04       0x1c ./Drivers/STM32N6xx_HAL_Driver/stm32n6xx_hal_rcc_ex.o
 .text.LL_RCC_GetAHBPrescaler
                0x24105a20       0x1c ./Drivers/STM32N6xx_HAL_Driver/stm32n6xx_hal_rcc_ex.o
 .text.LL_RCC_GetAPB1Prescaler
                0x24105a3c       0x1c ./Drivers/STM32N6xx_HAL_Driver/stm32n6xx_hal_rcc_ex.o
 .text.LL_RCC_GetAPB2Prescaler
                0x24105a58       0x1c ./Drivers/STM32N6xx_HAL_Driver/stm32n6xx_hal_rcc_ex.o
 .text.LL_RCC_GetAPB4Prescaler
                0x24105a74       0x1c ./Drivers/STM32N6xx_HAL_Driver/stm32n6xx_hal_rcc_ex.o
 .text.LL_RCC_GetAPB5Prescaler
                0x24105a90       0x1c ./Drivers/STM32N6xx_HAL_Driver/stm32n6xx_hal_rcc_ex.o
 .text.LL_RCC_SetClockSource
                0x24105aac       0x54 ./Drivers/STM32N6xx_HAL_Driver/stm32n6xx_hal_rcc_ex.o
 .text.LL_RCC_GetADCPrescaler
                0x24105b00       0x1c ./Drivers/STM32N6xx_HAL_Driver/stm32n6xx_hal_rcc_ex.o
 .text.LL_RCC_SetADFClockSource
                0x24105b1c       0x2c ./Drivers/STM32N6xx_HAL_Driver/stm32n6xx_hal_rcc_ex.o
 .text.LL_RCC_SetCLKPClockSource
                0x24105b48       0x2c ./Drivers/STM32N6xx_HAL_Driver/stm32n6xx_hal_rcc_ex.o
 .text.LL_RCC_SetDCMIPPClockSource
                0x24105b74       0x2c ./Drivers/STM32N6xx_HAL_Driver/stm32n6xx_hal_rcc_ex.o
 .text.LL_RCC_SetETHClockSource
                0x24105ba0       0x2c ./Drivers/STM32N6xx_HAL_Driver/stm32n6xx_hal_rcc_ex.o
 .text.LL_RCC_SetETHPHYInterface
                0x24105bcc       0x2c ./Drivers/STM32N6xx_HAL_Driver/stm32n6xx_hal_rcc_ex.o
 .text.LL_RCC_GetETH1PTPDivider
                0x24105bf8       0x1c ./Drivers/STM32N6xx_HAL_Driver/stm32n6xx_hal_rcc_ex.o
 .text.LL_RCC_SetETHREFRXClockSource
                0x24105c14       0x2c ./Drivers/STM32N6xx_HAL_Driver/stm32n6xx_hal_rcc_ex.o
 .text.LL_RCC_SetETHREFTXClockSource
                0x24105c40       0x2c ./Drivers/STM32N6xx_HAL_Driver/stm32n6xx_hal_rcc_ex.o
 .text.LL_RCC_SetFDCANClockSource
                0x24105c6c       0x2c ./Drivers/STM32N6xx_HAL_Driver/stm32n6xx_hal_rcc_ex.o
 .text.LL_RCC_SetFMCClockSource
                0x24105c98       0x2c ./Drivers/STM32N6xx_HAL_Driver/stm32n6xx_hal_rcc_ex.o
 .text.LL_RCC_SetI2CClockSource
                0x24105cc4       0x16 ./Drivers/STM32N6xx_HAL_Driver/stm32n6xx_hal_rcc_ex.o
 .text.LL_RCC_SetI3CClockSource
                0x24105cda       0x16 ./Drivers/STM32N6xx_HAL_Driver/stm32n6xx_hal_rcc_ex.o
 .text.LL_RCC_SetLPTIMClockSource
                0x24105cf0       0x16 ./Drivers/STM32N6xx_HAL_Driver/stm32n6xx_hal_rcc_ex.o
 *fill*         0x24105d06        0x2 
 .text.LL_RCC_SetLPUARTClockSource
                0x24105d08       0x2c ./Drivers/STM32N6xx_HAL_Driver/stm32n6xx_hal_rcc_ex.o
 .text.LL_RCC_SetLTDCClockSource
                0x24105d34       0x2c ./Drivers/STM32N6xx_HAL_Driver/stm32n6xx_hal_rcc_ex.o
 .text.LL_RCC_SetMDFClockSource
                0x24105d60       0x2c ./Drivers/STM32N6xx_HAL_Driver/stm32n6xx_hal_rcc_ex.o
 .text.LL_RCC_SetOTGPHYClockSource
                0x24105d8c       0x16 ./Drivers/STM32N6xx_HAL_Driver/stm32n6xx_hal_rcc_ex.o
 .text.LL_RCC_SetOTGPHYCKREFClockSource
                0x24105da2       0x16 ./Drivers/STM32N6xx_HAL_Driver/stm32n6xx_hal_rcc_ex.o
 .text.LL_RCC_SetPSSIClockSource
                0x24105db8       0x2c ./Drivers/STM32N6xx_HAL_Driver/stm32n6xx_hal_rcc_ex.o
 .text.LL_RCC_SetSAIClockSource
                0x24105de4       0x16 ./Drivers/STM32N6xx_HAL_Driver/stm32n6xx_hal_rcc_ex.o
 .text.LL_RCC_SetSDMMCClockSource
                0x24105dfa       0x16 ./Drivers/STM32N6xx_HAL_Driver/stm32n6xx_hal_rcc_ex.o
 .text.LL_RCC_SetSPDIFRXClockSource
                0x24105e10       0x2c ./Drivers/STM32N6xx_HAL_Driver/stm32n6xx_hal_rcc_ex.o
 .text.LL_RCC_SetSPIClockSource
                0x24105e3c       0x16 ./Drivers/STM32N6xx_HAL_Driver/stm32n6xx_hal_rcc_ex.o
 .text.LL_RCC_SetUSARTClockSource
                0x24105e52       0x16 ./Drivers/STM32N6xx_HAL_Driver/stm32n6xx_hal_rcc_ex.o
 .text.LL_RCC_SetXSPIClockSource
                0x24105e68       0x16 ./Drivers/STM32N6xx_HAL_Driver/stm32n6xx_hal_rcc_ex.o
 *fill*         0x24105e7e        0x2 
 .text.LL_RCC_GetClockSource
                0x24105e80       0x4c ./Drivers/STM32N6xx_HAL_Driver/stm32n6xx_hal_rcc_ex.o
 .text.LL_RCC_GetADCClockSource
                0x24105ecc       0x24 ./Drivers/STM32N6xx_HAL_Driver/stm32n6xx_hal_rcc_ex.o
 .text.LL_RCC_GetADFClockSource
                0x24105ef0       0x24 ./Drivers/STM32N6xx_HAL_Driver/stm32n6xx_hal_rcc_ex.o
 .text.LL_RCC_GetCLKPClockSource
                0x24105f14       0x24 ./Drivers/STM32N6xx_HAL_Driver/stm32n6xx_hal_rcc_ex.o
 .text.LL_RCC_GetDCMIPPClockSource
                0x24105f38       0x24 ./Drivers/STM32N6xx_HAL_Driver/stm32n6xx_hal_rcc_ex.o
 .text.LL_RCC_GetETHClockSource
                0x24105f5c       0x24 ./Drivers/STM32N6xx_HAL_Driver/stm32n6xx_hal_rcc_ex.o
 .text.LL_RCC_GetETHPTPClockSource
                0x24105f80       0x24 ./Drivers/STM32N6xx_HAL_Driver/stm32n6xx_hal_rcc_ex.o
 .text.LL_RCC_GetFDCANClockSource
                0x24105fa4       0x24 ./Drivers/STM32N6xx_HAL_Driver/stm32n6xx_hal_rcc_ex.o
 .text.LL_RCC_GetFMCClockSource
                0x24105fc8       0x24 ./Drivers/STM32N6xx_HAL_Driver/stm32n6xx_hal_rcc_ex.o
 .text.LL_RCC_GetI2CClockSource
                0x24105fec       0x18 ./Drivers/STM32N6xx_HAL_Driver/stm32n6xx_hal_rcc_ex.o
 .text.LL_RCC_GetI3CClockSource
                0x24106004       0x18 ./Drivers/STM32N6xx_HAL_Driver/stm32n6xx_hal_rcc_ex.o
 .text.LL_RCC_GetLPTIMClockSource
                0x2410601c       0x18 ./Drivers/STM32N6xx_HAL_Driver/stm32n6xx_hal_rcc_ex.o
 .text.LL_RCC_GetLPUARTClockSource
                0x24106034       0x24 ./Drivers/STM32N6xx_HAL_Driver/stm32n6xx_hal_rcc_ex.o
 .text.LL_RCC_GetLTDCClockSource
                0x24106058       0x24 ./Drivers/STM32N6xx_HAL_Driver/stm32n6xx_hal_rcc_ex.o
 .text.LL_RCC_GetMDFClockSource
                0x2410607c       0x24 ./Drivers/STM32N6xx_HAL_Driver/stm32n6xx_hal_rcc_ex.o
 .text.LL_RCC_GetPSSIClockSource
                0x241060a0       0x24 ./Drivers/STM32N6xx_HAL_Driver/stm32n6xx_hal_rcc_ex.o
 .text.LL_RCC_GetSAIClockSource
                0x241060c4       0x18 ./Drivers/STM32N6xx_HAL_Driver/stm32n6xx_hal_rcc_ex.o
 .text.LL_RCC_GetSDMMCClockSource
                0x241060dc       0x18 ./Drivers/STM32N6xx_HAL_Driver/stm32n6xx_hal_rcc_ex.o
 .text.LL_RCC_GetSPDIFRXClockSource
                0x241060f4       0x24 ./Drivers/STM32N6xx_HAL_Driver/stm32n6xx_hal_rcc_ex.o
 .text.LL_RCC_GetSPIClockSource
                0x24106118       0x18 ./Drivers/STM32N6xx_HAL_Driver/stm32n6xx_hal_rcc_ex.o
 .text.LL_RCC_GetUSARTClockSource
                0x24106130       0x18 ./Drivers/STM32N6xx_HAL_Driver/stm32n6xx_hal_rcc_ex.o
 .text.LL_RCC_GetUARTClockSource
                0x24106148       0x18 ./Drivers/STM32N6xx_HAL_Driver/stm32n6xx_hal_rcc_ex.o
 .text.LL_RCC_GetUSBClockSource
                0x24106160       0x18 ./Drivers/STM32N6xx_HAL_Driver/stm32n6xx_hal_rcc_ex.o
 .text.LL_RCC_GetXSPIClockSource
                0x24106178       0x18 ./Drivers/STM32N6xx_HAL_Driver/stm32n6xx_hal_rcc_ex.o
 .text.LL_RCC_SetRTCClockSource
                0x24106190       0x2c ./Drivers/STM32N6xx_HAL_Driver/stm32n6xx_hal_rcc_ex.o
 .text.LL_RCC_GetRTCClockSource
                0x241061bc       0x1c ./Drivers/STM32N6xx_HAL_Driver/stm32n6xx_hal_rcc_ex.o
 .text.LL_RCC_SetRTC_HSEPrescaler
                0x241061d8       0x2c ./Drivers/STM32N6xx_HAL_Driver/stm32n6xx_hal_rcc_ex.o
 .text.LL_RCC_SetTIMPrescaler
                0x24106204       0x2c ./Drivers/STM32N6xx_HAL_Driver/stm32n6xx_hal_rcc_ex.o
 .text.LL_RCC_GetTIMPrescaler
                0x24106230       0x1c ./Drivers/STM32N6xx_HAL_Driver/stm32n6xx_hal_rcc_ex.o
 .text.LL_RCC_PLL1_GetSource
                0x2410624c       0x1c ./Drivers/STM32N6xx_HAL_Driver/stm32n6xx_hal_rcc_ex.o
 .text.LL_RCC_PLL1_IsReady
                0x24106268       0x28 ./Drivers/STM32N6xx_HAL_Driver/stm32n6xx_hal_rcc_ex.o
 .text.LL_RCC_PLL1_IsEnabledBypass
                0x24106290       0x28 ./Drivers/STM32N6xx_HAL_Driver/stm32n6xx_hal_rcc_ex.o
 .text.LL_RCC_PLL1_GetN
                0x241062b8       0x20 ./Drivers/STM32N6xx_HAL_Driver/stm32n6xx_hal_rcc_ex.o
 .text.LL_RCC_PLL1_GetM
                0x241062d8       0x20 ./Drivers/STM32N6xx_HAL_Driver/stm32n6xx_hal_rcc_ex.o
 .text.LL_RCC_PLL1_GetP1
                0x241062f8       0x20 ./Drivers/STM32N6xx_HAL_Driver/stm32n6xx_hal_rcc_ex.o
 .text.LL_RCC_PLL1_GetP2
                0x24106318       0x20 ./Drivers/STM32N6xx_HAL_Driver/stm32n6xx_hal_rcc_ex.o
 .text.LL_RCC_PLL1P_IsEnabled
                0x24106338       0x28 ./Drivers/STM32N6xx_HAL_Driver/stm32n6xx_hal_rcc_ex.o
 .text.LL_RCC_PLL1_GetFRACN
                0x24106360       0x1c ./Drivers/STM32N6xx_HAL_Driver/stm32n6xx_hal_rcc_ex.o
 .text.LL_RCC_PLL2_GetSource
                0x2410637c       0x1c ./Drivers/STM32N6xx_HAL_Driver/stm32n6xx_hal_rcc_ex.o
 .text.LL_RCC_PLL2_IsReady
                0x24106398       0x28 ./Drivers/STM32N6xx_HAL_Driver/stm32n6xx_hal_rcc_ex.o
 .text.LL_RCC_PLL2_IsEnabledBypass
                0x241063c0       0x28 ./Drivers/STM32N6xx_HAL_Driver/stm32n6xx_hal_rcc_ex.o
 .text.LL_RCC_PLL2_GetN
                0x241063e8       0x20 ./Drivers/STM32N6xx_HAL_Driver/stm32n6xx_hal_rcc_ex.o
 .text.LL_RCC_PLL2_GetM
                0x24106408       0x20 ./Drivers/STM32N6xx_HAL_Driver/stm32n6xx_hal_rcc_ex.o
 .text.LL_RCC_PLL2_GetP1
                0x24106428       0x20 ./Drivers/STM32N6xx_HAL_Driver/stm32n6xx_hal_rcc_ex.o
 .text.LL_RCC_PLL2_GetP2
                0x24106448       0x20 ./Drivers/STM32N6xx_HAL_Driver/stm32n6xx_hal_rcc_ex.o
 .text.LL_RCC_PLL2P_IsEnabled
                0x24106468       0x28 ./Drivers/STM32N6xx_HAL_Driver/stm32n6xx_hal_rcc_ex.o
 .text.LL_RCC_PLL2_GetFRACN
                0x24106490       0x1c ./Drivers/STM32N6xx_HAL_Driver/stm32n6xx_hal_rcc_ex.o
 .text.LL_RCC_PLL3_GetSource
                0x241064ac       0x1c ./Drivers/STM32N6xx_HAL_Driver/stm32n6xx_hal_rcc_ex.o
 .text.LL_RCC_PLL3_IsReady
                0x241064c8       0x28 ./Drivers/STM32N6xx_HAL_Driver/stm32n6xx_hal_rcc_ex.o
 .text.LL_RCC_PLL3_IsEnabledBypass
                0x241064f0       0x28 ./Drivers/STM32N6xx_HAL_Driver/stm32n6xx_hal_rcc_ex.o
 .text.LL_RCC_PLL3_GetN
                0x24106518       0x20 ./Drivers/STM32N6xx_HAL_Driver/stm32n6xx_hal_rcc_ex.o
 .text.LL_RCC_PLL3_GetM
                0x24106538       0x20 ./Drivers/STM32N6xx_HAL_Driver/stm32n6xx_hal_rcc_ex.o
 .text.LL_RCC_PLL3_GetP1
                0x24106558       0x20 ./Drivers/STM32N6xx_HAL_Driver/stm32n6xx_hal_rcc_ex.o
 .text.LL_RCC_PLL3_GetP2
                0x24106578       0x20 ./Drivers/STM32N6xx_HAL_Driver/stm32n6xx_hal_rcc_ex.o
 .text.LL_RCC_PLL3P_IsEnabled
                0x24106598       0x28 ./Drivers/STM32N6xx_HAL_Driver/stm32n6xx_hal_rcc_ex.o
 .text.LL_RCC_PLL3_GetFRACN
                0x241065c0       0x1c ./Drivers/STM32N6xx_HAL_Driver/stm32n6xx_hal_rcc_ex.o
 .text.LL_RCC_PLL4_GetSource
                0x241065dc       0x1c ./Drivers/STM32N6xx_HAL_Driver/stm32n6xx_hal_rcc_ex.o
 .text.LL_RCC_PLL4_IsReady
                0x241065f8       0x28 ./Drivers/STM32N6xx_HAL_Driver/stm32n6xx_hal_rcc_ex.o
 .text.LL_RCC_PLL4_IsEnabledBypass
                0x24106620       0x28 ./Drivers/STM32N6xx_HAL_Driver/stm32n6xx_hal_rcc_ex.o
 .text.LL_RCC_PLL4_GetN
                0x24106648       0x20 ./Drivers/STM32N6xx_HAL_Driver/stm32n6xx_hal_rcc_ex.o
 .text.LL_RCC_PLL4_GetM
                0x24106668       0x20 ./Drivers/STM32N6xx_HAL_Driver/stm32n6xx_hal_rcc_ex.o
 .text.LL_RCC_PLL4_GetP1
                0x24106688       0x20 ./Drivers/STM32N6xx_HAL_Driver/stm32n6xx_hal_rcc_ex.o
 .text.LL_RCC_PLL4_GetP2
                0x241066a8       0x20 ./Drivers/STM32N6xx_HAL_Driver/stm32n6xx_hal_rcc_ex.o
 .text.LL_RCC_PLL4P_IsEnabled
                0x241066c8       0x28 ./Drivers/STM32N6xx_HAL_Driver/stm32n6xx_hal_rcc_ex.o
 .text.LL_RCC_PLL4_GetFRACN
                0x241066f0       0x1c ./Drivers/STM32N6xx_HAL_Driver/stm32n6xx_hal_rcc_ex.o
 .text.LL_RCC_IC3_Enable
                0x2410670c       0x1c ./Drivers/STM32N6xx_HAL_Driver/stm32n6xx_hal_rcc_ex.o
 .text.LL_RCC_IC3_IsEnabled
                0x24106728       0x28 ./Drivers/STM32N6xx_HAL_Driver/stm32n6xx_hal_rcc_ex.o
 .text.LL_RCC_IC3_GetSource
                0x24106750       0x1c ./Drivers/STM32N6xx_HAL_Driver/stm32n6xx_hal_rcc_ex.o
 .text.LL_RCC_IC3_GetDivider
                0x2410676c       0x20 ./Drivers/STM32N6xx_HAL_Driver/stm32n6xx_hal_rcc_ex.o
 .text.LL_RCC_IC4_Enable
                0x2410678c       0x1c ./Drivers/STM32N6xx_HAL_Driver/stm32n6xx_hal_rcc_ex.o
 .text.LL_RCC_IC4_IsEnabled
                0x241067a8       0x28 ./Drivers/STM32N6xx_HAL_Driver/stm32n6xx_hal_rcc_ex.o
 .text.LL_RCC_IC4_GetSource
                0x241067d0       0x1c ./Drivers/STM32N6xx_HAL_Driver/stm32n6xx_hal_rcc_ex.o
 .text.LL_RCC_IC4_GetDivider
                0x241067ec       0x20 ./Drivers/STM32N6xx_HAL_Driver/stm32n6xx_hal_rcc_ex.o
 .text.LL_RCC_IC5_Enable
                0x2410680c       0x1c ./Drivers/STM32N6xx_HAL_Driver/stm32n6xx_hal_rcc_ex.o
 .text.LL_RCC_IC5_IsEnabled
                0x24106828       0x28 ./Drivers/STM32N6xx_HAL_Driver/stm32n6xx_hal_rcc_ex.o
 .text.LL_RCC_IC5_GetSource
                0x24106850       0x1c ./Drivers/STM32N6xx_HAL_Driver/stm32n6xx_hal_rcc_ex.o
 .text.LL_RCC_IC5_GetDivider
                0x2410686c       0x20 ./Drivers/STM32N6xx_HAL_Driver/stm32n6xx_hal_rcc_ex.o
 .text.LL_RCC_IC7_Enable
                0x2410688c       0x1c ./Drivers/STM32N6xx_HAL_Driver/stm32n6xx_hal_rcc_ex.o
 .text.LL_RCC_IC7_IsEnabled
                0x241068a8       0x28 ./Drivers/STM32N6xx_HAL_Driver/stm32n6xx_hal_rcc_ex.o
 .text.LL_RCC_IC7_GetSource
                0x241068d0       0x1c ./Drivers/STM32N6xx_HAL_Driver/stm32n6xx_hal_rcc_ex.o
 .text.LL_RCC_IC7_GetDivider
                0x241068ec       0x20 ./Drivers/STM32N6xx_HAL_Driver/stm32n6xx_hal_rcc_ex.o
 .text.LL_RCC_IC8_Enable
                0x2410690c       0x1c ./Drivers/STM32N6xx_HAL_Driver/stm32n6xx_hal_rcc_ex.o
 .text.LL_RCC_IC8_IsEnabled
                0x24106928       0x28 ./Drivers/STM32N6xx_HAL_Driver/stm32n6xx_hal_rcc_ex.o
 .text.LL_RCC_IC8_GetSource
                0x24106950       0x1c ./Drivers/STM32N6xx_HAL_Driver/stm32n6xx_hal_rcc_ex.o
 .text.LL_RCC_IC8_GetDivider
                0x2410696c       0x20 ./Drivers/STM32N6xx_HAL_Driver/stm32n6xx_hal_rcc_ex.o
 .text.LL_RCC_IC9_Enable
                0x2410698c       0x1c ./Drivers/STM32N6xx_HAL_Driver/stm32n6xx_hal_rcc_ex.o
 .text.LL_RCC_IC9_IsEnabled
                0x241069a8       0x28 ./Drivers/STM32N6xx_HAL_Driver/stm32n6xx_hal_rcc_ex.o
 .text.LL_RCC_IC9_GetSource
                0x241069d0       0x1c ./Drivers/STM32N6xx_HAL_Driver/stm32n6xx_hal_rcc_ex.o
 .text.LL_RCC_IC9_GetDivider
                0x241069ec       0x20 ./Drivers/STM32N6xx_HAL_Driver/stm32n6xx_hal_rcc_ex.o
 .text.LL_RCC_IC10_Enable
                0x24106a0c       0x1c ./Drivers/STM32N6xx_HAL_Driver/stm32n6xx_hal_rcc_ex.o
 .text.LL_RCC_IC10_IsEnabled
                0x24106a28       0x28 ./Drivers/STM32N6xx_HAL_Driver/stm32n6xx_hal_rcc_ex.o
 .text.LL_RCC_IC10_GetSource
                0x24106a50       0x1c ./Drivers/STM32N6xx_HAL_Driver/stm32n6xx_hal_rcc_ex.o
 .text.LL_RCC_IC10_GetDivider
                0x24106a6c       0x20 ./Drivers/STM32N6xx_HAL_Driver/stm32n6xx_hal_rcc_ex.o
 .text.LL_RCC_IC12_Enable
                0x24106a8c       0x1c ./Drivers/STM32N6xx_HAL_Driver/stm32n6xx_hal_rcc_ex.o
 .text.LL_RCC_IC12_IsEnabled
                0x24106aa8       0x28 ./Drivers/STM32N6xx_HAL_Driver/stm32n6xx_hal_rcc_ex.o
 .text.LL_RCC_IC12_GetSource
                0x24106ad0       0x1c ./Drivers/STM32N6xx_HAL_Driver/stm32n6xx_hal_rcc_ex.o
 .text.LL_RCC_IC12_GetDivider
                0x24106aec       0x20 ./Drivers/STM32N6xx_HAL_Driver/stm32n6xx_hal_rcc_ex.o
 .text.LL_RCC_IC13_Enable
                0x24106b0c       0x1c ./Drivers/STM32N6xx_HAL_Driver/stm32n6xx_hal_rcc_ex.o
 .text.LL_RCC_IC13_IsEnabled
                0x24106b28       0x28 ./Drivers/STM32N6xx_HAL_Driver/stm32n6xx_hal_rcc_ex.o
 .text.LL_RCC_IC13_GetSource
                0x24106b50       0x1c ./Drivers/STM32N6xx_HAL_Driver/stm32n6xx_hal_rcc_ex.o
 .text.LL_RCC_IC13_GetDivider
                0x24106b6c       0x20 ./Drivers/STM32N6xx_HAL_Driver/stm32n6xx_hal_rcc_ex.o
 .text.LL_RCC_IC14_Enable
                0x24106b8c       0x1c ./Drivers/STM32N6xx_HAL_Driver/stm32n6xx_hal_rcc_ex.o
 .text.LL_RCC_IC14_IsEnabled
                0x24106ba8       0x28 ./Drivers/STM32N6xx_HAL_Driver/stm32n6xx_hal_rcc_ex.o
 .text.LL_RCC_IC14_GetSource
                0x24106bd0       0x1c ./Drivers/STM32N6xx_HAL_Driver/stm32n6xx_hal_rcc_ex.o
 .text.LL_RCC_IC14_GetDivider
                0x24106bec       0x20 ./Drivers/STM32N6xx_HAL_Driver/stm32n6xx_hal_rcc_ex.o
 .text.LL_RCC_IC15_Enable
                0x24106c0c       0x1c ./Drivers/STM32N6xx_HAL_Driver/stm32n6xx_hal_rcc_ex.o
 .text.LL_RCC_IC15_IsEnabled
                0x24106c28       0x28 ./Drivers/STM32N6xx_HAL_Driver/stm32n6xx_hal_rcc_ex.o
 .text.LL_RCC_IC15_GetSource
                0x24106c50       0x1c ./Drivers/STM32N6xx_HAL_Driver/stm32n6xx_hal_rcc_ex.o
 .text.LL_RCC_IC15_GetDivider
                0x24106c6c       0x20 ./Drivers/STM32N6xx_HAL_Driver/stm32n6xx_hal_rcc_ex.o
 .text.LL_RCC_IC16_Enable
                0x24106c8c       0x1c ./Drivers/STM32N6xx_HAL_Driver/stm32n6xx_hal_rcc_ex.o
 .text.LL_RCC_IC16_IsEnabled
                0x24106ca8       0x28 ./Drivers/STM32N6xx_HAL_Driver/stm32n6xx_hal_rcc_ex.o
 .text.LL_RCC_IC16_GetSource
                0x24106cd0       0x1c ./Drivers/STM32N6xx_HAL_Driver/stm32n6xx_hal_rcc_ex.o
 .text.LL_RCC_IC16_GetDivider
                0x24106cec       0x20 ./Drivers/STM32N6xx_HAL_Driver/stm32n6xx_hal_rcc_ex.o
 .text.LL_RCC_IC17_Enable
                0x24106d0c       0x1c ./Drivers/STM32N6xx_HAL_Driver/stm32n6xx_hal_rcc_ex.o
 .text.LL_RCC_IC17_IsEnabled
                0x24106d28       0x28 ./Drivers/STM32N6xx_HAL_Driver/stm32n6xx_hal_rcc_ex.o
 .text.LL_RCC_IC17_GetSource
                0x24106d50       0x1c ./Drivers/STM32N6xx_HAL_Driver/stm32n6xx_hal_rcc_ex.o
 .text.LL_RCC_IC17_GetDivider
                0x24106d6c       0x20 ./Drivers/STM32N6xx_HAL_Driver/stm32n6xx_hal_rcc_ex.o
 .text.LL_RCC_IC18_Enable
                0x24106d8c       0x1c ./Drivers/STM32N6xx_HAL_Driver/stm32n6xx_hal_rcc_ex.o
 .text.LL_RCC_IC18_IsEnabled
                0x24106da8       0x28 ./Drivers/STM32N6xx_HAL_Driver/stm32n6xx_hal_rcc_ex.o
 .text.LL_RCC_IC18_GetSource
                0x24106dd0       0x1c ./Drivers/STM32N6xx_HAL_Driver/stm32n6xx_hal_rcc_ex.o
 .text.LL_RCC_IC18_GetDivider
                0x24106dec       0x20 ./Drivers/STM32N6xx_HAL_Driver/stm32n6xx_hal_rcc_ex.o
 .text.LL_RCC_IC19_Enable
                0x24106e0c       0x1c ./Drivers/STM32N6xx_HAL_Driver/stm32n6xx_hal_rcc_ex.o
 .text.LL_RCC_IC19_IsEnabled
                0x24106e28       0x28 ./Drivers/STM32N6xx_HAL_Driver/stm32n6xx_hal_rcc_ex.o
 .text.LL_RCC_IC19_GetSource
                0x24106e50       0x1c ./Drivers/STM32N6xx_HAL_Driver/stm32n6xx_hal_rcc_ex.o
 .text.LL_RCC_IC19_GetDivider
                0x24106e6c       0x20 ./Drivers/STM32N6xx_HAL_Driver/stm32n6xx_hal_rcc_ex.o
 .text.LL_RCC_IC20_Enable
                0x24106e8c       0x1c ./Drivers/STM32N6xx_HAL_Driver/stm32n6xx_hal_rcc_ex.o
 .text.LL_RCC_IC20_IsEnabled
                0x24106ea8       0x28 ./Drivers/STM32N6xx_HAL_Driver/stm32n6xx_hal_rcc_ex.o
 .text.LL_RCC_IC20_GetSource
                0x24106ed0       0x1c ./Drivers/STM32N6xx_HAL_Driver/stm32n6xx_hal_rcc_ex.o
 .text.LL_RCC_IC20_GetDivider
                0x24106eec       0x20 ./Drivers/STM32N6xx_HAL_Driver/stm32n6xx_hal_rcc_ex.o
 .text.LL_RCC_CLKP_Enable
                0x24106f0c       0x1c ./Drivers/STM32N6xx_HAL_Driver/stm32n6xx_hal_rcc_ex.o
 .text.LL_RCC_CLKP_IsEnabled
                0x24106f28       0x28 ./Drivers/STM32N6xx_HAL_Driver/stm32n6xx_hal_rcc_ex.o
 .text.HAL_RCCEx_PeriphCLKConfig
                0x24106f50     0x25c8 ./Drivers/STM32N6xx_HAL_Driver/stm32n6xx_hal_rcc_ex.o
                0x24106f50                HAL_RCCEx_PeriphCLKConfig
 .text.HAL_RCCEx_GetPeriphCLKFreq
                0x24109518      0x938 ./Drivers/STM32N6xx_HAL_Driver/stm32n6xx_hal_rcc_ex.o
                0x24109518                HAL_RCCEx_GetPeriphCLKFreq
 .text.HAL_RCCEx_GetPLL1CLKFreq
                0x24109e50       0x8c ./Drivers/STM32N6xx_HAL_Driver/stm32n6xx_hal_rcc_ex.o
                0x24109e50                HAL_RCCEx_GetPLL1CLKFreq
 .text.HAL_RCCEx_GetPLL2CLKFreq
                0x24109edc       0x8c ./Drivers/STM32N6xx_HAL_Driver/stm32n6xx_hal_rcc_ex.o
                0x24109edc                HAL_RCCEx_GetPLL2CLKFreq
 .text.HAL_RCCEx_GetPLL3CLKFreq
                0x24109f68       0x8c ./Drivers/STM32N6xx_HAL_Driver/stm32n6xx_hal_rcc_ex.o
                0x24109f68                HAL_RCCEx_GetPLL3CLKFreq
 .text.HAL_RCCEx_GetPLL4CLKFreq
                0x24109ff4       0x8c ./Drivers/STM32N6xx_HAL_Driver/stm32n6xx_hal_rcc_ex.o
                0x24109ff4                HAL_RCCEx_GetPLL4CLKFreq
 .text.RCCEx_GetHCLKFreq
                0x2410a080       0x22 ./Drivers/STM32N6xx_HAL_Driver/stm32n6xx_hal_rcc_ex.o
 .text.RCCEx_GetPCLK1Freq
                0x2410a0a2       0x20 ./Drivers/STM32N6xx_HAL_Driver/stm32n6xx_hal_rcc_ex.o
 .text.RCCEx_GetPCLK2Freq
                0x2410a0c2       0x22 ./Drivers/STM32N6xx_HAL_Driver/stm32n6xx_hal_rcc_ex.o
 .text.RCCEx_GetPCLK4Freq
                0x2410a0e4       0x22 ./Drivers/STM32N6xx_HAL_Driver/stm32n6xx_hal_rcc_ex.o
 .text.RCCEx_GetPCLK5Freq
                0x2410a106       0x22 ./Drivers/STM32N6xx_HAL_Driver/stm32n6xx_hal_rcc_ex.o
 .text.RCCEx_GetPLLSourceFreq
                0x2410a128       0xbc ./Drivers/STM32N6xx_HAL_Driver/stm32n6xx_hal_rcc_ex.o
 .text.RCCEx_CalcPLLFreq
                0x2410a1e4       0x98 ./Drivers/STM32N6xx_HAL_Driver/stm32n6xx_hal_rcc_ex.o
 .text.RCCEx_GetADCCLKFreq
                0x2410a27c      0x204 ./Drivers/STM32N6xx_HAL_Driver/stm32n6xx_hal_rcc_ex.o
 .text.RCCEx_GetADFCLKFreq
                0x2410a480      0x1d8 ./Drivers/STM32N6xx_HAL_Driver/stm32n6xx_hal_rcc_ex.o
 .text.RCCEx_GetCLKPCLKFreq
                0x2410a658      0x36c ./Drivers/STM32N6xx_HAL_Driver/stm32n6xx_hal_rcc_ex.o
 .text.RCCEx_GetCSICLKFreq
                0x2410a9c4       0x98 ./Drivers/STM32N6xx_HAL_Driver/stm32n6xx_hal_rcc_ex.o
 .text.RCCEx_GetDCMIPPCLKFreq
                0x2410aa5c      0x114 ./Drivers/STM32N6xx_HAL_Driver/stm32n6xx_hal_rcc_ex.o
 .text.RCCEx_GetETH1CLKFreq
                0x2410ab70      0x100 ./Drivers/STM32N6xx_HAL_Driver/stm32n6xx_hal_rcc_ex.o
 .text.RCCEx_GetETH1PTPCLKFreq
                0x2410ac70      0x108 ./Drivers/STM32N6xx_HAL_Driver/stm32n6xx_hal_rcc_ex.o
 .text.RCCEx_GetFDCANCLKFreq
                0x2410ad78      0x100 ./Drivers/STM32N6xx_HAL_Driver/stm32n6xx_hal_rcc_ex.o
 .text.RCCEx_GetFMCCLKFreq
                0x2410ae78      0x16e ./Drivers/STM32N6xx_HAL_Driver/stm32n6xx_hal_rcc_ex.o
 *fill*         0x2410afe6        0x2 
 .text.RCCEx_GetI2CCLKFreq
                0x2410afe8      0x350 ./Drivers/STM32N6xx_HAL_Driver/stm32n6xx_hal_rcc_ex.o
 .text.RCCEx_GetI3CCLKFreq
                0x2410b338      0x268 ./Drivers/STM32N6xx_HAL_Driver/stm32n6xx_hal_rcc_ex.o
 .text.RCCEx_GetLPTIMCLKFreq
                0x2410b5a0      0x354 ./Drivers/STM32N6xx_HAL_Driver/stm32n6xx_hal_rcc_ex.o
 .text.RCCEx_GetLPUARTCLKFreq
                0x2410b8f4      0x204 ./Drivers/STM32N6xx_HAL_Driver/stm32n6xx_hal_rcc_ex.o
 .text.RCCEx_GetLTDCCLKFreq
                0x2410baf8      0x114 ./Drivers/STM32N6xx_HAL_Driver/stm32n6xx_hal_rcc_ex.o
 .text.RCCEx_GetMDFCLKFreq
                0x2410bc0c      0x214 ./Drivers/STM32N6xx_HAL_Driver/stm32n6xx_hal_rcc_ex.o
 .text.RCCEx_GetPSSICLKFreq
                0x2410be20      0x104 ./Drivers/STM32N6xx_HAL_Driver/stm32n6xx_hal_rcc_ex.o
 .text.RCCEx_GetRTCCLKFreq
                0x2410bf24       0xa4 ./Drivers/STM32N6xx_HAL_Driver/stm32n6xx_hal_rcc_ex.o
 .text.RCCEx_GetSAICLKFreq
                0x2410bfc8      0x2cc ./Drivers/STM32N6xx_HAL_Driver/stm32n6xx_hal_rcc_ex.o
 .text.RCCEx_GetSDMMCCLKFreq
                0x2410c294      0x1d4 ./Drivers/STM32N6xx_HAL_Driver/stm32n6xx_hal_rcc_ex.o
 .text.RCCEx_GetSPDIFRXCLKFreq
                0x2410c468      0x1c8 ./Drivers/STM32N6xx_HAL_Driver/stm32n6xx_hal_rcc_ex.o
 .text.RCCEx_GetSPICLKFreq
                0x2410c630      0x5a4 ./Drivers/STM32N6xx_HAL_Driver/stm32n6xx_hal_rcc_ex.o
 .text.RCCEx_GetUARTCLKFreq
                0x2410cbd4      0x454 ./Drivers/STM32N6xx_HAL_Driver/stm32n6xx_hal_rcc_ex.o
 .text.RCCEx_GetUSARTCLKFreq
                0x2410d028      0x454 ./Drivers/STM32N6xx_HAL_Driver/stm32n6xx_hal_rcc_ex.o
 .text.RCCEx_GetOTGPHYCLKFreq
                0x2410d47c      0x16c ./Drivers/STM32N6xx_HAL_Driver/stm32n6xx_hal_rcc_ex.o
 .text.RCCEx_GetOTGPHYCKREFCLKFreq
                0x2410d5e8       0xa0 ./Drivers/STM32N6xx_HAL_Driver/stm32n6xx_hal_rcc_ex.o
 .text.RCCEx_GetXSPICLKFreq
                0x2410d688      0x220 ./Drivers/STM32N6xx_HAL_Driver/stm32n6xx_hal_rcc_ex.o
 .text.HAL_UART_Init
                0x2410d8a8       0xa0 ./Drivers/STM32N6xx_HAL_Driver/stm32n6xx_hal_uart.o
                0x2410d8a8                HAL_UART_Init
 .text.HAL_UART_Transmit
                0x2410d948      0x132 ./Drivers/STM32N6xx_HAL_Driver/stm32n6xx_hal_uart.o
                0x2410d948                HAL_UART_Transmit
 *fill*         0x2410da7a        0x2 
 .text.UART_SetConfig
                0x2410da7c      0x3b8 ./Drivers/STM32N6xx_HAL_Driver/stm32n6xx_hal_uart.o
                0x2410da7c                UART_SetConfig
 .text.UART_AdvFeatureConfig
                0x2410de34      0x144 ./Drivers/STM32N6xx_HAL_Driver/stm32n6xx_hal_uart.o
                0x2410de34                UART_AdvFeatureConfig
 .text.UART_CheckIdleState
                0x2410df78      0x154 ./Drivers/STM32N6xx_HAL_Driver/stm32n6xx_hal_uart.o
                0x2410df78                UART_CheckIdleState
 .text.UART_WaitOnFlagUntilTimeout
                0x2410e0cc       0xda ./Drivers/STM32N6xx_HAL_Driver/stm32n6xx_hal_uart.o
                0x2410e0cc                UART_WaitOnFlagUntilTimeout
 .text.UART_EndRxTransfer
                0x2410e1a6       0xcc ./Drivers/STM32N6xx_HAL_Driver/stm32n6xx_hal_uart.o
 .text.HAL_UARTEx_DisableFifoMode
                0x2410e272       0x72 ./Drivers/STM32N6xx_HAL_Driver/stm32n6xx_hal_uart_ex.o
                0x2410e272                HAL_UARTEx_DisableFifoMode
 .text.HAL_UARTEx_SetTxFifoThreshold
                0x2410e2e4       0x7c ./Drivers/STM32N6xx_HAL_Driver/stm32n6xx_hal_uart_ex.o
                0x2410e2e4                HAL_UARTEx_SetTxFifoThreshold
 .text.HAL_UARTEx_SetRxFifoThreshold
                0x2410e360       0x7c ./Drivers/STM32N6xx_HAL_Driver/stm32n6xx_hal_uart_ex.o
                0x2410e360                HAL_UARTEx_SetRxFifoThreshold
 .text.UARTEx_SetNbDataToProcess
                0x2410e3dc       0x9c ./Drivers/STM32N6xx_HAL_Driver/stm32n6xx_hal_uart_ex.o
 .text.__cvt    0x2410e478       0xa8 /opt/st/stm32cubeide_2.0.0/plugins/com.st.stm32cube.ide.mcu.externaltools.gnu-tools-for-stm32.14.3.rel1.linux64_1.0.100.202602081740/tools/bin/../lib/gcc/arm-none-eabi/14.3.1/../../../../arm-none-eabi/lib/thumb/v8-m.main+dp/hard/libc_nano.a(libc_a-nano-vfprintf_float.o)
                0x2410e478                __cvt
 .text.__exponent
                0x2410e520       0x72 /opt/st/stm32cubeide_2.0.0/plugins/com.st.stm32cube.ide.mcu.externaltools.gnu-tools-for-stm32.14.3.rel1.linux64_1.0.100.202602081740/tools/bin/../lib/gcc/arm-none-eabi/14.3.1/../../../../arm-none-eabi/lib/thumb/v8-m.main+dp/hard/libc_nano.a(libc_a-nano-vfprintf_float.o)
                0x2410e520                __exponent
 *fill*         0x2410e592        0x6 
 .text._printf_float
                0x2410e598      0x434 /opt/st/stm32cubeide_2.0.0/plugins/com.st.stm32cube.ide.mcu.externaltools.gnu-tools-for-stm32.14.3.rel1.linux64_1.0.100.202602081740/tools/bin/../lib/gcc/arm-none-eabi/14.3.1/../../../../arm-none-eabi/lib/thumb/v8-m.main+dp/hard/libc_nano.a(libc_a-nano-vfprintf_float.o)
                0x2410e598                _printf_float
 .text._printf_common
                0x2410e9cc       0xe4 /opt/st/stm32cubeide_2.0.0/plugins/com.st.stm32cube.ide.mcu.externaltools.gnu-tools-for-stm32.14.3.rel1.linux64_1.0.100.202602081740/tools/bin/../lib/gcc/arm-none-eabi/14.3.1/../../../../arm-none-eabi/lib/thumb/v8-m.main+dp/hard/libc_nano.a(libc_a-nano-vfprintf_i.o)
                0x2410e9cc                _printf_common
 .text._printf_i
                0x2410eab0      0x24c /opt/st/stm32cubeide_2.0.0/plugins/com.st.stm32cube.ide.mcu.externaltools.gnu-tools-for-stm32.14.3.rel1.linux64_1.0.100.202602081740/tools/bin/../lib/gcc/arm-none-eabi/14.3.1/../../../../arm-none-eabi/lib/thumb/v8-m.main+dp/hard/libc_nano.a(libc_a-nano-vfprintf_i.o)
                0x2410eab0                _printf_i
 .text.std      0x2410ecfc       0x6c /opt/st/stm32cubeide_2.0.0/plugins/com.st.stm32cube.ide.mcu.externaltools.gnu-tools-for-stm32.14.3.rel1.linux64_1.0.100.202602081740/tools/bin/../lib/gcc/arm-none-eabi/14.3.1/../../../../arm-none-eabi/lib/thumb/v8-m.main+dp/hard/libc_nano.a(libc_a-findfp.o)
 .text.stdio_exit_handler
                0x2410ed68       0x18 /opt/st/stm32cubeide_2.0.0/plugins/com.st.stm32cube.ide.mcu.externaltools.gnu-tools-for-stm32.14.3.rel1.linux64_1.0.100.202602081740/tools/bin/../lib/gcc/arm-none-eabi/14.3.1/../../../../arm-none-eabi/lib/thumb/v8-m.main+dp/hard/libc_nano.a(libc_a-findfp.o)
 .text.cleanup_stdio
                0x2410ed80       0x40 /opt/st/stm32cubeide_2.0.0/plugins/com.st.stm32cube.ide.mcu.externaltools.gnu-tools-for-stm32.14.3.rel1.linux64_1.0.100.202602081740/tools/bin/../lib/gcc/arm-none-eabi/14.3.1/../../../../arm-none-eabi/lib/thumb/v8-m.main+dp/hard/libc_nano.a(libc_a-findfp.o)
 .text.global_stdio_init.part.0
                0x2410edc0       0x40 /opt/st/stm32cubeide_2.0.0/plugins/com.st.stm32cube.ide.mcu.externaltools.gnu-tools-for-stm32.14.3.rel1.linux64_1.0.100.202602081740/tools/bin/../lib/gcc/arm-none-eabi/14.3.1/../../../../arm-none-eabi/lib/thumb/v8-m.main+dp/hard/libc_nano.a(libc_a-findfp.o)
 .text.__sfp_lock_acquire
                0x2410ee00        0xc /opt/st/stm32cubeide_2.0.0/plugins/com.st.stm32cube.ide.mcu.externaltools.gnu-tools-for-stm32.14.3.rel1.linux64_1.0.100.202602081740/tools/bin/../lib/gcc/arm-none-eabi/14.3.1/../../../../arm-none-eabi/lib/thumb/v8-m.main+dp/hard/libc_nano.a(libc_a-findfp.o)
                0x2410ee00                __sfp_lock_acquire
 .text.__sfp_lock_release
                0x2410ee0c        0xc /opt/st/stm32cubeide_2.0.0/plugins/com.st.stm32cube.ide.mcu.externaltools.gnu-tools-for-stm32.14.3.rel1.linux64_1.0.100.202602081740/tools/bin/../lib/gcc/arm-none-eabi/14.3.1/../../../../arm-none-eabi/lib/thumb/v8-m.main+dp/hard/libc_nano.a(libc_a-findfp.o)
                0x2410ee0c                __sfp_lock_release
 .text.__sinit  0x2410ee18       0x30 /opt/st/stm32cubeide_2.0.0/plugins/com.st.stm32cube.ide.mcu.externaltools.gnu-tools-for-stm32.14.3.rel1.linux64_1.0.100.202602081740/tools/bin/../lib/gcc/arm-none-eabi/14.3.1/../../../../arm-none-eabi/lib/thumb/v8-m.main+dp/hard/libc_nano.a(libc_a-findfp.o)
                0x2410ee18                __sinit
 .text._fwalk_sglue
                0x2410ee48       0x3c /opt/st/stm32cubeide_2.0.0/plugins/com.st.stm32cube.ide.mcu.externaltools.gnu-tools-for-stm32.14.3.rel1.linux64_1.0.100.202602081740/tools/bin/../lib/gcc/arm-none-eabi/14.3.1/../../../../arm-none-eabi/lib/thumb/v8-m.main+dp/hard/libc_nano.a(libc_a-fwalk.o)
                0x2410ee48                _fwalk_sglue
 .text.printf   0x2410ee84       0x24 /opt/st/stm32cubeide_2.0.0/plugins/com.st.stm32cube.ide.mcu.externaltools.gnu-tools-for-stm32.14.3.rel1.linux64_1.0.100.202602081740/tools/bin/../lib/gcc/arm-none-eabi/14.3.1/../../../../arm-none-eabi/lib/thumb/v8-m.main+dp/hard/libc_nano.a(libc_a-printf.o)
                0x2410ee84                printf
                0x2410ee84                iprintf
 .text._puts_r  0x2410eea8       0xaa /opt/st/stm32cubeide_2.0.0/plugins/com.st.stm32cube.ide.mcu.externaltools.gnu-tools-for-stm32.14.3.rel1.linux64_1.0.100.202602081740/tools/bin/../lib/gcc/arm-none-eabi/14.3.1/../../../../arm-none-eabi/lib/thumb/v8-m.main+dp/hard/libc_nano.a(libc_a-puts.o)
                0x2410eea8                _puts_r
 *fill*         0x2410ef52        0x2 
 .text.puts     0x2410ef54       0x10 /opt/st/stm32cubeide_2.0.0/plugins/com.st.stm32cube.ide.mcu.externaltools.gnu-tools-for-stm32.14.3.rel1.linux64_1.0.100.202602081740/tools/bin/../lib/gcc/arm-none-eabi/14.3.1/../../../../arm-none-eabi/lib/thumb/v8-m.main+dp/hard/libc_nano.a(libc_a-puts.o)
                0x2410ef54                puts
 .text.__sread  0x2410ef64       0x22 /opt/st/stm32cubeide_2.0.0/plugins/com.st.stm32cube.ide.mcu.externaltools.gnu-tools-for-stm32.14.3.rel1.linux64_1.0.100.202602081740/tools/bin/../lib/gcc/arm-none-eabi/14.3.1/../../../../arm-none-eabi/lib/thumb/v8-m.main+dp/hard/libc_nano.a(libc_a-stdio.o)
                0x2410ef64                __sread
 .text.__swrite
                0x2410ef86       0x38 /opt/st/stm32cubeide_2.0.0/plugins/com.st.stm32cube.ide.mcu.externaltools.gnu-tools-for-stm32.14.3.rel1.linux64_1.0.100.202602081740/tools/bin/../lib/gcc/arm-none-eabi/14.3.1/../../../../arm-none-eabi/lib/thumb/v8-m.main+dp/hard/libc_nano.a(libc_a-stdio.o)
                0x2410ef86                __swrite
 .text.__sseek  0x2410efbe       0x26 /opt/st/stm32cubeide_2.0.0/plugins/com.st.stm32cube.ide.mcu.externaltools.gnu-tools-for-stm32.14.3.rel1.linux64_1.0.100.202602081740/tools/bin/../lib/gcc/arm-none-eabi/14.3.1/../../../../arm-none-eabi/lib/thumb/v8-m.main+dp/hard/libc_nano.a(libc_a-stdio.o)
                0x2410efbe                __sseek
 .text.__sclose
                0x2410efe4        0x8 /opt/st/stm32cubeide_2.0.0/plugins/com.st.stm32cube.ide.mcu.externaltools.gnu-tools-for-stm32.14.3.rel1.linux64_1.0.100.202602081740/tools/bin/../lib/gcc/arm-none-eabi/14.3.1/../../../../arm-none-eabi/lib/thumb/v8-m.main+dp/hard/libc_nano.a(libc_a-stdio.o)
                0x2410efe4                __sclose
 .text.__swbuf_r
                0x2410efec       0x7c /opt/st/stm32cubeide_2.0.0/plugins/com.st.stm32cube.ide.mcu.externaltools.gnu-tools-for-stm32.14.3.rel1.linux64_1.0.100.202602081740/tools/bin/../lib/gcc/arm-none-eabi/14.3.1/../../../../arm-none-eabi/lib/thumb/v8-m.main+dp/hard/libc_nano.a(libc_a-wbuf.o)
                0x2410efec                __swbuf_r
 .text.__swsetup_r
                0x2410f068       0xa8 /opt/st/stm32cubeide_2.0.0/plugins/com.st.stm32cube.ide.mcu.externaltools.gnu-tools-for-stm32.14.3.rel1.linux64_1.0.100.202602081740/tools/bin/../lib/gcc/arm-none-eabi/14.3.1/../../../../arm-none-eabi/lib/thumb/v8-m.main+dp/hard/libc_nano.a(libc_a-wsetup.o)
                0x2410f068                __swsetup_r
 .text.memset   0x2410f110       0x10 /opt/st/stm32cubeide_2.0.0/plugins/com.st.stm32cube.ide.mcu.externaltools.gnu-tools-for-stm32.14.3.rel1.linux64_1.0.100.202602081740/tools/bin/../lib/gcc/arm-none-eabi/14.3.1/../../../../arm-none-eabi/lib/thumb/v8-m.main+dp/hard/libc_nano.a(libc_a-memset.o)
                0x2410f110                memset
 .text._localeconv_r
                0x2410f120        0x8 /opt/st/stm32cubeide_2.0.0/plugins/com.st.stm32cube.ide.mcu.externaltools.gnu-tools-for-stm32.14.3.rel1.linux64_1.0.100.202602081740/tools/bin/../lib/gcc/arm-none-eabi/14.3.1/../../../../arm-none-eabi/lib/thumb/v8-m.main+dp/hard/libc_nano.a(libc_a-localeconv.o)
                0x2410f120                _localeconv_r
 .text._close_r
                0x2410f128       0x20 /opt/st/stm32cubeide_2.0.0/plugins/com.st.stm32cube.ide.mcu.externaltools.gnu-tools-for-stm32.14.3.rel1.linux64_1.0.100.202602081740/tools/bin/../lib/gcc/arm-none-eabi/14.3.1/../../../../arm-none-eabi/lib/thumb/v8-m.main+dp/hard/libc_nano.a(libc_a-closer.o)
                0x2410f128                _close_r
 .text._lseek_r
                0x2410f148       0x24 /opt/st/stm32cubeide_2.0.0/plugins/com.st.stm32cube.ide.mcu.externaltools.gnu-tools-for-stm32.14.3.rel1.linux64_1.0.100.202602081740/tools/bin/../lib/gcc/arm-none-eabi/14.3.1/../../../../arm-none-eabi/lib/thumb/v8-m.main+dp/hard/libc_nano.a(libc_a-lseekr.o)
                0x2410f148                _lseek_r
 .text._read_r  0x2410f16c       0x24 /opt/st/stm32cubeide_2.0.0/plugins/com.st.stm32cube.ide.mcu.externaltools.gnu-tools-for-stm32.14.3.rel1.linux64_1.0.100.202602081740/tools/bin/../lib/gcc/arm-none-eabi/14.3.1/../../../../arm-none-eabi/lib/thumb/v8-m.main+dp/hard/libc_nano.a(libc_a-readr.o)
                0x2410f16c                _read_r
 .text._write_r
                0x2410f190       0x24 /opt/st/stm32cubeide_2.0.0/plugins/com.st.stm32cube.ide.mcu.externaltools.gnu-tools-for-stm32.14.3.rel1.linux64_1.0.100.202602081740/tools/bin/../lib/gcc/arm-none-eabi/14.3.1/../../../../arm-none-eabi/lib/thumb/v8-m.main+dp/hard/libc_nano.a(libc_a-writer.o)
                0x2410f190                _write_r
 .text.__errno  0x2410f1b4        0xc /opt/st/stm32cubeide_2.0.0/plugins/com.st.stm32cube.ide.mcu.externaltools.gnu-tools-for-stm32.14.3.rel1.linux64_1.0.100.202602081740/tools/bin/../lib/gcc/arm-none-eabi/14.3.1/../../../../arm-none-eabi/lib/thumb/v8-m.main+dp/hard/libc_nano.a(libc_a-errno.o)
                0x2410f1b4                __errno
 .text.__libc_init_array
                0x2410f1c0       0x48 /opt/st/stm32cubeide_2.0.0/plugins/com.st.stm32cube.ide.mcu.externaltools.gnu-tools-for-stm32.14.3.rel1.linux64_1.0.100.202602081740/tools/bin/../lib/gcc/arm-none-eabi/14.3.1/../../../../arm-none-eabi/lib/thumb/v8-m.main+dp/hard/libc_nano.a(libc_a-init.o)
                0x2410f1c0                __libc_init_array
 .text.__retarget_lock_init_recursive
                0x2410f208        0x2 /opt/st/stm32cubeide_2.0.0/plugins/com.st.stm32cube.ide.mcu.externaltools.gnu-tools-for-stm32.14.3.rel1.linux64_1.0.100.202602081740/tools/bin/../lib/gcc/arm-none-eabi/14.3.1/../../../../arm-none-eabi/lib/thumb/v8-m.main+dp/hard/libc_nano.a(libc_a-lock.o)
                0x2410f208                __retarget_lock_init_recursive
 .text.__retarget_lock_acquire_recursive
                0x2410f20a        0x2 /opt/st/stm32cubeide_2.0.0/plugins/com.st.stm32cube.ide.mcu.externaltools.gnu-tools-for-stm32.14.3.rel1.linux64_1.0.100.202602081740/tools/bin/../lib/gcc/arm-none-eabi/14.3.1/../../../../arm-none-eabi/lib/thumb/v8-m.main+dp/hard/libc_nano.a(libc_a-lock.o)
                0x2410f20a                __retarget_lock_acquire_recursive
 .text.__retarget_lock_release_recursive
                0x2410f20c        0x2 /opt/st/stm32cubeide_2.0.0/plugins/com.st.stm32cube.ide.mcu.externaltools.gnu-tools-for-stm32.14.3.rel1.linux64_1.0.100.202602081740/tools/bin/../lib/gcc/arm-none-eabi/14.3.1/../../../../arm-none-eabi/lib/thumb/v8-m.main+dp/hard/libc_nano.a(libc_a-lock.o)
                0x2410f20c                __retarget_lock_release_recursive
 .text.memchr   0x2410f20e       0x1c /opt/st/stm32cubeide_2.0.0/plugins/com.st.stm32cube.ide.mcu.externaltools.gnu-tools-for-stm32.14.3.rel1.linux64_1.0.100.202602081740/tools/bin/../lib/gcc/arm-none-eabi/14.3.1/../../../../arm-none-eabi/lib/thumb/v8-m.main+dp/hard/libc_nano.a(libc_a-memchr-stub.o)
                0x2410f20e                memchr
 .text.quorem   0x2410f22a      0x11a /opt/st/stm32cubeide_2.0.0/plugins/com.st.stm32cube.ide.mcu.externaltools.gnu-tools-for-stm32.14.3.rel1.linux64_1.0.100.202602081740/tools/bin/../lib/gcc/arm-none-eabi/14.3.1/../../../../arm-none-eabi/lib/thumb/v8-m.main+dp/hard/libc_nano.a(libc_a-dtoa.o)
 *fill*         0x2410f344        0x4 
 .text._dtoa_r  0x2410f348      0xa94 /opt/st/stm32cubeide_2.0.0/plugins/com.st.stm32cube.ide.mcu.externaltools.gnu-tools-for-stm32.14.3.rel1.linux64_1.0.100.202602081740/tools/bin/../lib/gcc/arm-none-eabi/14.3.1/../../../../arm-none-eabi/lib/thumb/v8-m.main+dp/hard/libc_nano.a(libc_a-dtoa.o)
                0x2410f348                _dtoa_r
 .text._free_r  0x2410fddc       0x94 /opt/st/stm32cubeide_2.0.0/plugins/com.st.stm32cube.ide.mcu.externaltools.gnu-tools-for-stm32.14.3.rel1.linux64_1.0.100.202602081740/tools/bin/../lib/gcc/arm-none-eabi/14.3.1/../../../../arm-none-eabi/lib/thumb/v8-m.main+dp/hard/libc_nano.a(libc_a-freer.o)
                0x2410fddc                _free_r
 .text.malloc   0x2410fe70       0x10 /opt/st/stm32cubeide_2.0.0/plugins/com.st.stm32cube.ide.mcu.externaltools.gnu-tools-for-stm32.14.3.rel1.linux64_1.0.100.202602081740/tools/bin/../lib/gcc/arm-none-eabi/14.3.1/../../../../arm-none-eabi/lib/thumb/v8-m.main+dp/hard/libc_nano.a(libc_a-malloc.o)
                0x2410fe70                malloc
 .text.sbrk_aligned
                0x2410fe80       0x44 /opt/st/stm32cubeide_2.0.0/plugins/com.st.stm32cube.ide.mcu.externaltools.gnu-tools-for-stm32.14.3.rel1.linux64_1.0.100.202602081740/tools/bin/../lib/gcc/arm-none-eabi/14.3.1/../../../../arm-none-eabi/lib/thumb/v8-m.main+dp/hard/libc_nano.a(libc_a-mallocr.o)
 .text._malloc_r
                0x2410fec4      0x100 /opt/st/stm32cubeide_2.0.0/plugins/com.st.stm32cube.ide.mcu.externaltools.gnu-tools-for-stm32.14.3.rel1.linux64_1.0.100.202602081740/tools/bin/../lib/gcc/arm-none-eabi/14.3.1/../../../../arm-none-eabi/lib/thumb/v8-m.main+dp/hard/libc_nano.a(libc_a-mallocr.o)
                0x2410fec4                _malloc_r
 .text.__malloc_lock
                0x2410ffc4        0xc /opt/st/stm32cubeide_2.0.0/plugins/com.st.stm32cube.ide.mcu.externaltools.gnu-tools-for-stm32.14.3.rel1.linux64_1.0.100.202602081740/tools/bin/../lib/gcc/arm-none-eabi/14.3.1/../../../../arm-none-eabi/lib/thumb/v8-m.main+dp/hard/libc_nano.a(libc_a-mlock.o)
                0x2410ffc4                __malloc_lock
 .text.__malloc_unlock
                0x2410ffd0        0xc /opt/st/stm32cubeide_2.0.0/plugins/com.st.stm32cube.ide.mcu.externaltools.gnu-tools-for-stm32.14.3.rel1.linux64_1.0.100.202602081740/tools/bin/../lib/gcc/arm-none-eabi/14.3.1/../../../../arm-none-eabi/lib/thumb/v8-m.main+dp/hard/libc_nano.a(libc_a-mlock.o)
                0x2410ffd0                __malloc_unlock
 .text._Balloc  0x2410ffdc       0x7c /opt/st/stm32cubeide_2.0.0/plugins/com.st.stm32cube.ide.mcu.externaltools.gnu-tools-for-stm32.14.3.rel1.linux64_1.0.100.202602081740/tools/bin/../lib/gcc/arm-none-eabi/14.3.1/../../../../arm-none-eabi/lib/thumb/v8-m.main+dp/hard/libc_nano.a(libc_a-mprec.o)
                0x2410ffdc                _Balloc
 .text._Bfree   0x24110058       0x44 /opt/st/stm32cubeide_2.0.0/plugins/com.st.stm32cube.ide.mcu.externaltools.gnu-tools-for-stm32.14.3.rel1.linux64_1.0.100.202602081740/tools/bin/../lib/gcc/arm-none-eabi/14.3.1/../../../../arm-none-eabi/lib/thumb/v8-m.main+dp/hard/libc_nano.a(libc_a-mprec.o)
                0x24110058                _Bfree
 .text.__multadd
                0x2411009c       0x90 /opt/st/stm32cubeide_2.0.0/plugins/com.st.stm32cube.ide.mcu.externaltools.gnu-tools-for-stm32.14.3.rel1.linux64_1.0.100.202602081740/tools/bin/../lib/gcc/arm-none-eabi/14.3.1/../../../../arm-none-eabi/lib/thumb/v8-m.main+dp/hard/libc_nano.a(libc_a-mprec.o)
                0x2411009c                __multadd
 .text.__hi0bits
                0x2411012c       0x3e /opt/st/stm32cubeide_2.0.0/plugins/com.st.stm32cube.ide.mcu.externaltools.gnu-tools-for-stm32.14.3.rel1.linux64_1.0.100.202602081740/tools/bin/../lib/gcc/arm-none-eabi/14.3.1/../../../../arm-none-eabi/lib/thumb/v8-m.main+dp/hard/libc_nano.a(libc_a-mprec.o)
                0x2411012c                __hi0bits
 .text.__lo0bits
                0x2411016a       0x5a /opt/st/stm32cubeide_2.0.0/plugins/com.st.stm32cube.ide.mcu.externaltools.gnu-tools-for-stm32.14.3.rel1.linux64_1.0.100.202602081740/tools/bin/../lib/gcc/arm-none-eabi/14.3.1/../../../../arm-none-eabi/lib/thumb/v8-m.main+dp/hard/libc_nano.a(libc_a-mprec.o)
                0x2411016a                __lo0bits
 .text.__i2b    0x241101c4       0x2c /opt/st/stm32cubeide_2.0.0/plugins/com.st.stm32cube.ide.mcu.externaltools.gnu-tools-for-stm32.14.3.rel1.linux64_1.0.100.202602081740/tools/bin/../lib/gcc/arm-none-eabi/14.3.1/../../../../arm-none-eabi/lib/thumb/v8-m.main+dp/hard/libc_nano.a(libc_a-mprec.o)
                0x241101c4                __i2b
 .text.__multiply
                0x241101f0      0x154 /opt/st/stm32cubeide_2.0.0/plugins/com.st.stm32cube.ide.mcu.externaltools.gnu-tools-for-stm32.14.3.rel1.linux64_1.0.100.202602081740/tools/bin/../lib/gcc/arm-none-eabi/14.3.1/../../../../arm-none-eabi/lib/thumb/v8-m.main+dp/hard/libc_nano.a(libc_a-mprec.o)
                0x241101f0                __multiply
 .text.__pow5mult
                0x24110344       0xb8 /opt/st/stm32cubeide_2.0.0/plugins/com.st.stm32cube.ide.mcu.externaltools.gnu-tools-for-stm32.14.3.rel1.linux64_1.0.100.202602081740/tools/bin/../lib/gcc/arm-none-eabi/14.3.1/../../../../arm-none-eabi/lib/thumb/v8-m.main+dp/hard/libc_nano.a(libc_a-mprec.o)
                0x24110344                __pow5mult
 .text.__lshift
                0x241103fc       0xd8 /opt/st/stm32cubeide_2.0.0/plugins/com.st.stm32cube.ide.mcu.externaltools.gnu-tools-for-stm32.14.3.rel1.linux64_1.0.100.202602081740/tools/bin/../lib/gcc/arm-none-eabi/14.3.1/../../../../arm-none-eabi/lib/thumb/v8-m.main+dp/hard/libc_nano.a(libc_a-mprec.o)
                0x241103fc                __lshift
 .text.__mcmp   0x241104d4       0x36 /opt/st/stm32cubeide_2.0.0/plugins/com.st.stm32cube.ide.mcu.externaltools.gnu-tools-for-stm32.14.3.rel1.linux64_1.0.100.202602081740/tools/bin/../lib/gcc/arm-none-eabi/14.3.1/../../../../arm-none-eabi/lib/thumb/v8-m.main+dp/hard/libc_nano.a(libc_a-mprec.o)
                0x241104d4                __mcmp
 *fill*         0x2411050a        0x2 
 .text.__mdiff  0x2411050c      0x138 /opt/st/stm32cubeide_2.0.0/plugins/com.st.stm32cube.ide.mcu.externaltools.gnu-tools-for-stm32.14.3.rel1.linux64_1.0.100.202602081740/tools/bin/../lib/gcc/arm-none-eabi/14.3.1/../../../../arm-none-eabi/lib/thumb/v8-m.main+dp/hard/libc_nano.a(libc_a-mprec.o)
                0x2411050c                __mdiff
 .text.__d2b    0x24110644       0xb0 /opt/st/stm32cubeide_2.0.0/plugins/com.st.stm32cube.ide.mcu.externaltools.gnu-tools-for-stm32.14.3.rel1.linux64_1.0.100.202602081740/tools/bin/../lib/gcc/arm-none-eabi/14.3.1/../../../../arm-none-eabi/lib/thumb/v8-m.main+dp/hard/libc_nano.a(libc_a-mprec.o)
                0x24110644                __d2b
 .text.__sfputc_r
                0x241106f4       0x2e /opt/st/stm32cubeide_2.0.0/plugins/com.st.stm32cube.ide.mcu.externaltools.gnu-tools-for-stm32.14.3.rel1.linux64_1.0.100.202602081740/tools/bin/../lib/gcc/arm-none-eabi/14.3.1/../../../../arm-none-eabi/lib/thumb/v8-m.main+dp/hard/libc_nano.a(libc_a-nano-vfprintf.o)
 .text.__sfputs_r
                0x24110722       0x24 /opt/st/stm32cubeide_2.0.0/plugins/com.st.stm32cube.ide.mcu.externaltools.gnu-tools-for-stm32.14.3.rel1.linux64_1.0.100.202602081740/tools/bin/../lib/gcc/arm-none-eabi/14.3.1/../../../../arm-none-eabi/lib/thumb/v8-m.main+dp/hard/libc_nano.a(libc_a-nano-vfprintf.o)
                0x24110722                __sfputs_r
 *fill*         0x24110746        0x2 
 .text._vfprintf_r
                0x24110748      0x228 /opt/st/stm32cubeide_2.0.0/plugins/com.st.stm32cube.ide.mcu.externaltools.gnu-tools-for-stm32.14.3.rel1.linux64_1.0.100.202602081740/tools/bin/../lib/gcc/arm-none-eabi/14.3.1/../../../../arm-none-eabi/lib/thumb/v8-m.main+dp/hard/libc_nano.a(libc_a-nano-vfprintf.o)
                0x24110748                _vfiprintf_r
                0x24110748                _vfprintf_r
 .text.__sflush_r
                0x24110970      0x100 /opt/st/stm32cubeide_2.0.0/plugins/com.st.stm32cube.ide.mcu.externaltools.gnu-tools-for-stm32.14.3.rel1.linux64_1.0.100.202602081740/tools/bin/../lib/gcc/arm-none-eabi/14.3.1/../../../../arm-none-eabi/lib/thumb/v8-m.main+dp/hard/libc_nano.a(libc_a-fflush.o)
                0x24110970                __sflush_r
 .text._fflush_r
                0x24110a70       0x50 /opt/st/stm32cubeide_2.0.0/plugins/com.st.stm32cube.ide.mcu.externaltools.gnu-tools-for-stm32.14.3.rel1.linux64_1.0.100.202602081740/tools/bin/../lib/gcc/arm-none-eabi/14.3.1/../../../../arm-none-eabi/lib/thumb/v8-m.main+dp/hard/libc_nano.a(libc_a-fflush.o)